<html>
<body>
<pre>
<h1>礦ision Build Log</h1>
<h2>Tool Versions:</h2>
IDE-Version: μVision V5.26.2.0
Copyright (C) 2018 ARM Ltd and ARM Germany GmbH. All rights reserved.
License Information: ad a'd'sa, a's'da's, LIC=14HVE-5LMUI-SBSEJ-UAMFY-9TM51-I43PP
 
Tool Versions:
Toolchain:       MDK-ARM Plus  Version: 5.26.2.0
Toolchain Path:  C:\Keil_v5\ARM\ARMCC\Bin
C Compiler:      Armcc.exe V5.06 update 6 (build 750)
Assembler:       Armasm.exe V5.06 update 6 (build 750)
Linker/Locator:  ArmLink.exe V5.06 update 6 (build 750)
Library Manager: ArmAr.exe V5.06 update 6 (build 750)
Hex Converter:   FromElf.exe V5.06 update 6 (build 750)
CPU DLL:         SARMCM3.DLL V5.26.2.0
Dialog DLL:      DCM.DLL V1.17.2.0
Target DLL:      Segger\JL2CM3.dll V2.99.31.0
Dialog DLL:      TCM.DLL V1.36.1.0
 
<h2>Project:</h2>
E:\pa的文件夹\电zi\stm32项目\hhjqr\USER\KEY.uvprojx
Project File Date:  10/31/2019

<h2>Output:</h2>
*** Using Compiler 'V5.06 update 6 (build 750)', folder: 'C:\Keil_v5\ARM\ARMCC\Bin'
Build target 'KEY'
compiling main.c...
..\HARDWARE\DMA\dma.h(11): warning:  #1295-D: Deprecated declaration handledma - give arg types
   void handledma();
..\HARDWARE\DMA\dma.h(12): warning:  #1-D: last line of file ends without a newline
  #endif
..\SYSTEM\usart\usart.h(37): warning:  #1295-D: Deprecated declaration handleUart3 - give arg types
  void handleUart3();
..\HARDWARE\keypad\keypad.h(12): warning:  #1295-D: Deprecated declaration scankeypad - give arg types
  void scankeypad();
..\HARDWARE\keypad\keypad.h(21): warning:  #1-D: last line of file ends without a newline
  #endif
..\HARDWARE\stepper\stepper.h(37): warning:  #1295-D: Deprecated declaration stepper_init - give arg types
  void  stepper_init();
..\HARDWARE\stepper\stepper.h(41): warning:  #1295-D: Deprecated declaration top_Control - give arg types
  void top_Control();
..\HARDWARE\stepper\stepper.h(42): warning:  #1295-D: Deprecated declaration bottom_Control - give arg types
  void bottom_Control();
..\HARDWARE\stepper\stepper.h(43): warning:  #1-D: last line of file ends without a newline
  #endif
..\HARDWARE\arm\arm.h(21): warning:  #1-D: last line of file ends without a newline
  #endif
main.c: 10 warnings, 0 errors
linking...
Program Size: Code=27486 RO-data=2858 RW-data=388 ZI-data=2932  
FromELF: creating hex file...
"..\OBJ\KEY.axf" - 0 Error(s), 10 Warning(s).

<h2>Software Packages used:</h2>

Package Vendor: Keil
                http://www.keil.com/pack/Keil.STM32F1xx_DFP.2.2.0.pack
                Keil.STM32F1xx_DFP.2.2.0
                STMicroelectronics STM32F1 Series Device Support, Drivers and Examples

<h2>Collection of Component include folders:</h2>
  .\RTE\_KEY
  C:\Keil_v5\ARM\PACK\Keil\STM32F1xx_DFP\2.2.0\Device\Include

<h2>Collection of Component Files used:</h2>
Build Time Elapsed:  00:00:02
</pre>
</body>
</html>
