Component: ARM Compiler 5.06 update 6 (build 750) Tool: armlink [4d35ed]

==============================================================================

Section Cross References

    main.o(.text) refers to _printf_pad.o(.text) for _printf_pre_padding
    main.o(.text) refers to _printf_percent.o(.ARM.Collect$$_printf_percent$$00000000) for _printf_percent
    main.o(.text) refers to _printf_d.o(.ARM.Collect$$_printf_percent$$00000009) for _printf_d
    main.o(.text) refers to _printf_dec.o(.text) for _printf_int_dec
    main.o(.text) refers to _printf_f.o(.ARM.Collect$$_printf_percent$$00000003) for _printf_f
    main.o(.text) refers to printf1.o(x$fpl$printf1) for _printf_fp_dec
    main.o(.text) refers to strlen.o(.text) for strlen
    main.o(.text) refers to fflt_clz.o(x$fpl$fflt) for __aeabi_i2f
    main.o(.text) refers to fdiv.o(x$fpl$fdiv) for __aeabi_fdiv
    main.o(.text) refers to fmul.o(x$fpl$fmul) for __aeabi_fmul
    main.o(.text) refers to stm32f10x_dma.o(.text) for DMA_Cmd
    main.o(.text) refers to dma.o(.text) for MYDMA_Enable
    main.o(.text) refers to oled.o(.text) for OLED_ShowStr
    main.o(.text) refers to delay.o(.text) for delay_init
    main.o(.text) refers to stepper.o(.text) for stepper_init
    main.o(.text) refers to timer.o(.text) for TIM4_PWM_Init
    main.o(.text) refers to keypad.o(.text) for keypad_Init
    main.o(.text) refers to stm32f10x_tim.o(.text) for TIM_SetCompare1
    main.o(.text) refers to arm.o(.text) for postion_transform
    main.o(.text) refers to f2d.o(x$fpl$f2d) for __aeabi_f2d
    main.o(.text) refers to dmul.o(x$fpl$dmul) for __aeabi_dmul
    main.o(.text) refers to daddsub_clz.o(x$fpl$dadd) for __aeabi_dadd
    main.o(.text) refers to dfix.o(x$fpl$dfix) for __aeabi_d2iz
    main.o(.text) refers to noretval__2sprintf.o(.text) for __2sprintf
    main.o(.text) refers to dma.o(.bss) for USART2_RX_BUF
    main.o(.text) refers to main.o(.data) for stcAngle
    main.o(.text) refers to timer.o(.data) for xx
    main.o(.text) refers to keypad.o(.data) for keybufferlen
    main.o(.text) refers to keypad.o(.bss) for keybuffer
    main.o(.text) refers to stepper.o(.data) for bottom_homemode
    system_stm32f10x.o(.text) refers to system_stm32f10x.o(.data) for SystemCoreClock
    led.o(.text) refers to stm32f10x_rcc.o(.text) for RCC_APB2PeriphClockCmd
    led.o(.text) refers to stm32f10x_gpio.o(.text) for GPIO_Init
    key.o(.text) refers to stm32f10x_rcc.o(.text) for RCC_APB2PeriphClockCmd
    key.o(.text) refers to stm32f10x_gpio.o(.text) for GPIO_PinRemapConfig
    key.o(.text) refers to delay.o(.text) for delay_ms
    key.o(.text) refers to key.o(.data) for key_up
    oled.o(.text) refers to stm32f10x_rcc.o(.text) for RCC_APB2PeriphClockCmd
    oled.o(.text) refers to stm32f10x_gpio.o(.text) for GPIO_Init
    oled.o(.text) refers to delay.o(.text) for delay_us
    oled.o(.text) refers to oled.o(.data) for GPIO_OLED_InitStructure
    oled.o(.text) refers to oled.o(.constdata) for F6x8
    oled.o(.text) refers to oled.o(.bss) for OLED_GRAM
    timer.o(.text) refers to stm32f10x_rcc.o(.text) for RCC_APB1PeriphClockCmd
    timer.o(.text) refers to stm32f10x_tim.o(.text) for TIM_TimeBaseInit
    timer.o(.text) refers to misc.o(.text) for NVIC_Init
    timer.o(.text) refers to stm32f10x_gpio.o(.text) for GPIO_Init
    timer.o(.text) refers to stepper.o(.text) for bottom_Control
    timer.o(.text) refers to faddsub_clz.o(x$fpl$fsub) for __aeabi_fsub
    timer.o(.text) refers to fmul.o(x$fpl$fmul) for __aeabi_fmul
    timer.o(.text) refers to faddsub_clz.o(x$fpl$fadd) for __aeabi_fadd
    timer.o(.text) refers to ffix.o(x$fpl$ffix) for __aeabi_f2iz
    timer.o(.text) refers to timer.o(.data) for ldelta
    dma.o(.text) refers to stm32f10x_dma.o(.text) for DMA_Cmd
    dma.o(.text) refers to stm32f10x_rcc.o(.text) for RCC_AHBPeriphClockCmd
    dma.o(.text) refers to stm32f10x_usart.o(.text) for USART_Cmd
    dma.o(.text) refers to misc.o(.text) for NVIC_PriorityGroupConfig
    dma.o(.text) refers to main.o(.text) for handledma
    dma.o(.text) refers to main.o(.data) for a
    uarthandler.o(.text) refers to oled.o(.text) for OLED_ShowStr
    uarthandler.o(.text) refers to rt_memclr.o(.text) for __aeabi_memclr
    uarthandler.o(.text) refers to dma.o(.text) for MYDMA_Enable
    uarthandler.o(.text) refers to dma.o(.bss) for USART2_RX_BUF
    encoder.o(.text) refers to stm32f10x_rcc.o(.text) for RCC_APB1PeriphClockCmd
    encoder.o(.text) refers to stm32f10x_gpio.o(.text) for GPIO_Init
    encoder.o(.text) refers to stm32f10x_tim.o(.text) for TIM_TimeBaseStructInit
    keypad.o(.text) refers to stm32f10x_rcc.o(.text) for RCC_APB2PeriphClockCmd
    keypad.o(.text) refers to stm32f10x_gpio.o(.text) for GPIO_Init
    keypad.o(.text) refers to keypad.o(.bss) for colio
    keypad.o(.text) refers to keypad.o(.data) for colcount
    stepper.o(.text) refers to stm32f10x_rcc.o(.text) for RCC_APB2PeriphClockCmd
    stepper.o(.text) refers to stm32f10x_gpio.o(.text) for GPIO_Init
[...]
    x$fpl$dfix                               0x08005df8   Section       94  dfix.o(x$fpl$dfix)
    x$fpl$dmul                               0x08005e58   Section      340  dmul.o(x$fpl$dmul)
    x$fpl$dnaninf                            0x08005fac   Section      156  dnaninf.o(x$fpl$dnaninf)
    x$fpl$dretinf                            0x08006048   Section       12  dretinf.o(x$fpl$dretinf)
    x$fpl$drsb                               0x08006054   Section       22  daddsub_clz.o(x$fpl$drsb)
    x$fpl$dsqrt                              0x0800606c   Section      460  dsqrt_noumaal.o(x$fpl$dsqrt)
    x$fpl$dsub                               0x08006238   Section      468  daddsub_clz.o(x$fpl$dsub)
    _dsub1                                   0x08006249   Thumb Code     0  daddsub_clz.o(x$fpl$dsub)
    x$fpl$f2d                                0x0800640c   Section       86  f2d.o(x$fpl$f2d)
    x$fpl$fadd                               0x08006464   Section      196  faddsub_clz.o(x$fpl$fadd)
    _fadd1                                   0x08006473   Thumb Code     0  faddsub_clz.o(x$fpl$fadd)
    x$fpl$fcheck1                            0x08006528   Section       12  fcheck1.o(x$fpl$fcheck1)
    x$fpl$fdiv                               0x08006534   Section      388  fdiv.o(x$fpl$fdiv)
    _fdiv1                                   0x08006535   Thumb Code     0  fdiv.o(x$fpl$fdiv)
    x$fpl$ffix                               0x080066b8   Section       54  ffix.o(x$fpl$ffix)
    x$fpl$fflt                               0x080066f0   Section       48  fflt_clz.o(x$fpl$fflt)
    x$fpl$ffltu                              0x08006720   Section       38  fflt_clz.o(x$fpl$ffltu)
    x$fpl$fmul                               0x08006748   Section      258  fmul.o(x$fpl$fmul)
    x$fpl$fnaninf                            0x0800684a   Section      140  fnaninf.o(x$fpl$fnaninf)
    x$fpl$fretinf                            0x080068d6   Section       10  fretinf.o(x$fpl$fretinf)
    x$fpl$frnd                               0x080068e0   Section       96  frnd.o(x$fpl$frnd)
    x$fpl$frsb                               0x08006940   Section       20  faddsub_clz.o(x$fpl$frsb)
    x$fpl$fsqrt                              0x08006954   Section      272  fsqrt.o(x$fpl$fsqrt)
    x$fpl$fsub                               0x08006a64   Section      234  faddsub_clz.o(x$fpl$fsub)
    _fsub1                                   0x08006a73   Thumb Code     0  faddsub_clz.o(x$fpl$fsub)
    x$fpl$printf1                            0x08006b4e   Section        4  printf1.o(x$fpl$printf1)
    x$fpl$retnan                             0x08006b52   Section      100  retnan.o(x$fpl$retnan)
    x$fpl$scalbn                             0x08006bb6   Section       92  scalbn.o(x$fpl$scalbn)
    x$fpl$scalbnf                            0x08006c12   Section       76  scalbnf.o(x$fpl$scalbnf)
    x$fpl$trapveneer                         0x08006c5e   Section       48  trapv.o(x$fpl$trapveneer)
    .constdata                               0x08006c8e   Section     2072  oled.o(.constdata)
    x$fpl$usenofp                            0x08006c8e   Section        0  usenofp.o(x$fpl$usenofp)
    .constdata                               0x080074a8   Section       80  acos.o(.constdata)
    pS                                       0x080074a8   Data          48  acos.o(.constdata)
    qS                                       0x080074d8   Data          32  acos.o(.constdata)
    .constdata                               0x080074f8   Section      152  atan.o(.constdata)
    atanhi                                   0x080074f8   Data          32  atan.o(.constdata)
    atanlo                                   0x08007518   Data          32  atan.o(.constdata)
    aTodd                                    0x08007538   Data          40  atan.o(.constdata)
    aTeven                                   0x08007560   Data          48  atan.o(.constdata)
    .constdata                               0x08007590   Section        8  qnan.o(.constdata)
    .constdata                               0x08007598   Section       32  rredf.o(.constdata)
    twooverpi                                0x08007598   Data          32  rredf.o(.constdata)
    .constdata                               0x080075b8   Section      148  bigflt0.o(.constdata)
    tenpwrs_x                                0x080075b8   Data          60  bigflt0.o(.constdata)
    tenpwrs_i                                0x080075f4   Data          64  bigflt0.o(.constdata)
    locale$$data                             0x0800766c   Section       28  lc_numeric_c.o(locale$$data)
    __lcnum_c_name                           0x08007670   Data           2  lc_numeric_c.o(locale$$data)
    __lcnum_c_start                          0x08007678   Data           0  lc_numeric_c.o(locale$$data)
    __lcnum_c_point                          0x08007684   Data           0  lc_numeric_c.o(locale$$data)
    __lcnum_c_thousands                      0x08007686   Data           0  lc_numeric_c.o(locale$$data)
    __lcnum_c_grouping                       0x08007687   Data           0  lc_numeric_c.o(locale$$data)
    __lcnum_c_end                            0x08007688   Data           0  lc_numeric_c.o(locale$$data)
    .data                                    0x20000000   Section       20  main.o(.data)
    .data                                    0x20000014   Section       20  system_stm32f10x.o(.data)
    .data                                    0x20000028   Section      244  oled.o(.data)
    .data                                    0x2000011c   Section       36  timer.o(.data)
    kp                                       0x20000134   Data           4  timer.o(.data)
    kd                                       0x20000138   Data           4  timer.o(.data)
    ldelta                                   0x2000013c   Data           4  timer.o(.data)
    .data                                    0x20000140   Section        8  keypad.o(.data)
    .data                                    0x20000148   Section       28  stepper.o(.data)
    .data                                    0x20000164   Section        4  delay.o(.data)
    fac_us                                   0x20000164   Data           1  delay.o(.data)
    fac_ms                                   0x20000166   Data           2  delay.o(.data)
    .data                                    0x20000168   Section        6  usart.o(.data)
    .data                                    0x2000016e   Section       20  stm32f10x_rcc.o(.data)
    APBAHBPrescTable                         0x2000016e   Data          16  stm32f10x_rcc.o(.data)
    ADCPrescTable                            0x2000017e   Data           4  stm32f10x_rcc.o(.data)
    .bss                                     0x20000184   Section     1024  oled.o(.bss)
    .bss                                     0x20000584   Section       11  dma.o(.bss)
    .bss                                     0x20000590   Section       64  keypad.o(.bss)
    .bss                                     0x200005d0   Section      200  usart.o(.bss)
    .bss                                     0x20000698   Section       96  libspace.o(.bss)
    HEAP                                     0x200006f8   Section      512  startup_stm32f10x_hd.o(HEAP)
    Heap_Mem                                 0x200006f8   Data         512  startup_stm32f10x_hd.o(HEAP)
    STACK                                    0x200008f8   Section     1024  startup_stm32f10x_hd.o(STACK)
    Stack_Mem                                0x200008f8   Data        1024  startup_stm32f10x_hd.o(STACK)
    __initial_sp                             0x20000cf8   Data           0  startup_stm32f10x_hd.o(STACK)

    Global Symbols

    Symbol Name                              Value     Ov Type        Size  Object(Section)

    BuildAttributes$$THM_ISAv4$P$D$K$B$S$PE$A:L22UL41UL21$X:L11$S22US41US21$IEEE1$IW$USESV6$~STKCKD$USESV7$~SHL$OTIME$ROPI$IEEEX$EBA8$UX$STANDARDLIB$REQ8$PRES8$EABIv2 0x00000000   Number         0  anon$$obj.o ABSOLUTE
    __ARM_use_no_argv                        0x00000000   Number         0  main.o ABSOLUTE
    _printf_flags                            0x00000000   Number         0  printf_stubs.o ABSOLUTE
    _printf_return_value                     0x00000000   Number         0  printf_stubs.o ABSOLUTE
    _printf_sizespec                         0x00000000   Number         0  printf_stubs.o ABSOLUTE
    _printf_widthprec                        0x00000000   Number         0  printf_stubs.o ABSOLUTE
    __ARM_exceptions_init                     - Undefined Weak Reference
    __alloca_initialize                       - Undefined Weak Reference
    __arm_preinit_                            - Undefined Weak Reference
    __cpp_initialize__aeabi_                  - Undefined Weak Reference
    __cxa_finalize                            - Undefined Weak Reference
    __sigvec_lookup                           - Undefined Weak Reference
    _atexit_init                              - Undefined Weak Reference
    _call_atexit_fns                          - Undefined Weak Reference
    _clock_init                               - Undefined Weak Reference
    _fp_trap_init                             - Undefined Weak Reference
    _fp_trap_shutdown                         - Undefined Weak Reference
    _get_lc_collate                           - Undefined Weak Reference
    _get_lc_ctype                             - Undefined Weak Reference
    _get_lc_monetary                          - Undefined Weak Reference
    _get_lc_time                              - Undefined Weak Reference
    _getenv_init                              - Undefined Weak Reference
    _handle_redirection                       - Undefined Weak Reference
    _init_alloc                               - Undefined Weak Reference
    _init_user_alloc                          - Undefined Weak Reference
    _initio                                   - Undefined Weak Reference
    _printf_truncate_signed                   - Undefined Weak Reference
    _printf_truncate_unsigned                 - Undefined Weak Reference
    _rand_init                                - Undefined Weak Reference
    _signal_finish                            - Undefined Weak Reference
    _signal_init                              - Undefined Weak Reference
    _terminate_alloc                          - Undefined Weak Reference
    _terminate_user_alloc                     - Undefined Weak Reference
    _terminateio                              - Undefined Weak Reference
    __Vectors_Size                           0x00000130   Number         0  startup_stm32f10x_hd.o ABSOLUTE
    __Vectors                                0x08000000   Data           4  startup_stm32f10x_hd.o(RESET)
    __Vectors_End                            0x08000130   Data           0  startup_stm32f10x_hd.o(RESET)
    __main                                   0x08000131   Thumb Code     8  __main.o(!!!main)
    __scatterload                            0x08000139   Thumb Code     0  __scatter.o(!!!scatter)
    __scatterload_rt2                        0x08000139   Thumb Code    44  __scatter.o(!!!scatter)
    __scatterload_rt2_thumb_only             0x08000139   Thumb Code     0  __scatter.o(!!!scatter)
    __scatterload_null                       0x08000147   Thumb Code     0  __scatter.o(!!!scatter)
    __decompress                             0x0800016d   Thumb Code    90  __dczerorl2.o(!!dczerorl2)
    __decompress1                            0x0800016d   Thumb Code     0  __dczerorl2.o(!!dczerorl2)
    __scatterload_zeroinit                   0x080001c9   Thumb Code    28  __scatter_zi.o(!!handler_zi)
    _printf_f                                0x080001e5   Thumb Code     0  _printf_f.o(.ARM.Collect$$_printf_percent$$00000003)
    _printf_percent                          0x080001e5   Thumb Code     0  _printf_percent.o(.ARM.Collect$$_printf_percent$$00000000)
    _printf_d                                0x080001eb   Thumb Code     0  _printf_d.o(.ARM.Collect$$_printf_percent$$00000009)
    _printf_percent_end                      0x080001f1   Thumb Code     0  _printf_percent_end.o(.ARM.Collect$$_printf_percent$$00000017)
    __rt_lib_init                            0x080001f5   Thumb Code     0  libinit.o(.ARM.Collect$$libinit$$00000000)
    __rt_lib_init_fp_1                       0x080001f7   Thumb Code     0  libinit2.o(.ARM.Collect$$libinit$$00000002)
    __rt_lib_init_heap_1                     0x080001f7   Thumb Code     0  libinit2.o(.ARM.Collect$$libinit$$0000000A)
    __rt_lib_init_lc_common                  0x080001f7   Thumb Code     0  libinit2.o(.ARM.Collect$$libinit$$0000000F)
    __rt_lib_init_preinit_1                  0x080001f7   Thumb Code     0  libinit2.o(.ARM.Collect$$libinit$$00000004)
    __rt_lib_init_rand_1                     0x080001f7   Thumb Code     0  libinit2.o(.ARM.Collect$$libinit$$0000000E)
    __rt_lib_init_user_alloc_1               0x080001f7   Thumb Code     0  libinit2.o(.ARM.Collect$$libinit$$0000000C)
    __rt_lib_init_lc_collate_1               0x080001fd   Thumb Code     0  libinit2.o(.ARM.Collect$$libinit$$00000011)
    __rt_lib_init_lc_ctype_1                 0x080001fd   Thumb Code     0  libinit2.o(.ARM.Collect$$libinit$$00000013)
    __rt_lib_init_lc_monetary_1              0x080001fd   Thumb Code     0  libinit2.o(.ARM.Collect$$libinit$$00000015)
    __rt_lib_init_lc_numeric_2               0x080001fd   Thumb Code     0  libinit2.o(.ARM.Collect$$libinit$$00000016)
    __rt_lib_init_alloca_1                   0x08000207   Thumb Code     0  libinit2.o(.ARM.Collect$$libinit$$0000002E)
    __rt_lib_init_argv_1                     0x08000207   Thumb Code     0  libinit2.o(.ARM.Collect$$libinit$$0000002C)
    __rt_lib_init_atexit_1                   0x08000207   Thumb Code     0  libinit2.o(.ARM.Collect$$libinit$$0000001B)
    __rt_lib_init_clock_1                    0x08000207   Thumb Code     0  libinit2.o(.ARM.Collect$$libinit$$00000021)
    __rt_lib_init_cpp_1                      0x08000207   Thumb Code     0  libinit2.o(.ARM.Collect$$libinit$$00000032)
    __rt_lib_init_exceptions_1               0x08000207   Thumb Code     0  libinit2.o(.ARM.Collect$$libinit$$00000030)
    __rt_lib_init_fp_trap_1                  0x08000207   Thumb Code     0  libinit2.o(.ARM.Collect$$libinit$$0000001F)
    __rt_lib_init_getenv_1                   0x08000207   Thumb Code     0  libinit2.o(.ARM.Collect$$libinit$$00000023)
    __rt_lib_init_lc_numeric_1               0x08000207   Thumb Code     0  libinit2.o(.ARM.Collect$$libinit$$00000017)
    __rt_lib_init_lc_time_1                  0x08000207   Thumb Code     0  libinit2.o(.ARM.Collect$$libinit$$00000019)
    __rt_lib_init_return                     0x08000207   Thumb Code     0  libinit2.o(.ARM.Collect$$libinit$$00000033)
    __rt_lib_init_signal_1                   0x08000207   Thumb Code     0  libinit2.o(.ARM.Collect$$libinit$$0000001D)
    __rt_lib_init_stdio_1                    0x08000207   Thumb Code     0  libinit2.o(.ARM.Collect$$libinit$$00000025)
    __rt_lib_shutdown                        0x08000209   Thumb Code     0  libshutdown.o(.ARM.Collect$$libshutdown$$00000000)
    __rt_lib_shutdown_cpp_1                  0x0800020b   Thumb Code     0  libshutdown2.o(.ARM.Collect$$libshutdown$$00000002)
    __rt_lib_shutdown_fp_trap_1              0x0800020b   Thumb Code     0  libshutdown2.o(.ARM.Collect$$libshutdown$$00000007)
    __rt_lib_shutdown_heap_1                 0x0800020b   Thumb Code     0  libshutdown2.o(.ARM.Collect$$libshutdown$$0000000F)
    __rt_lib_shutdown_return                 0x0800020b   Thumb Code     0  libshutdown2.o(.ARM.Collect$$libshutdown$$00000010)
    __rt_lib_shutdown_signal_1               0x0800020b   Thumb Code     0  libshutdown2.o(.ARM.Collect$$libshutdown$$0000000A)
    __rt_lib_shutdown_stdio_1                0x0800020b   Thumb Code     0  libshutdown2.o(.ARM.Collect$$libshutdown$$00000004)
    __rt_lib_shutdown_user_alloc_1           0x0800020b   Thumb Code     0  libshutdown2.o(.ARM.Collect$$libshutdown$$0000000C)
    __rt_entry                               0x0800020d   Thumb Code     0  __rtentry.o(.ARM.Collect$$rtentry$$00000000)
    __rt_entry_presh_1                       0x0800020d   Thumb Code     0  __rtentry2.o(.ARM.Collect$$rtentry$$00000002)
    __rt_entry_sh                            0x0800020d   Thumb Code     0  __rtentry4.o(.ARM.Collect$$rtentry$$00000004)
    __rt_entry_li                            0x08000213   Thumb Code     0  __rtentry2.o(.ARM.Collect$$rtentry$$0000000A)
    __rt_entry_postsh_1                      0x08000213   Thumb Code     0  __rtentry2.o(.ARM.Collect$$rtentry$$00000009)
    __rt_entry_main                          0x08000217   Thumb Code     0  __rtentry2.o(.ARM.Collect$$rtentry$$0000000D)
    __rt_entry_postli_1                      0x08000217   Thumb Code     0  __rtentry2.o(.ARM.Collect$$rtentry$$0000000C)
    __rt_exit                                0x0800021f   Thumb Code     0  rtexit.o(.ARM.Collect$$rtexit$$00000000)
    __rt_exit_ls                             0x08000221   Thumb Code     0  rtexit2.o(.ARM.Collect$$rtexit$$00000003)
    __rt_exit_prels_1                        0x08000221   Thumb Code     0  rtexit2.o(.ARM.Collect$$rtexit$$00000002)
    __rt_exit_exit                           0x08000225   Thumb Code     0  rtexit2.o(.ARM.Collect$$rtexit$$00000004)
    handledma                                0x0800022d   Thumb Code   172  main.o(.text)
    dokey                                    0x080002d9   Thumb Code   274  main.o(.text)
    main                                     0x080003eb   Thumb Code   256  main.o(.text)
    NMI_Handler                              0x08000581   Thumb Code     2  stm32f10x_it.o(.text)
    HardFault_Handler                        0x08000583   Thumb Code     4  stm32f10x_it.o(.text)
    MemManage_Handler                        0x08000587   Thumb Code     4  stm32f10x_it.o(.text)
    BusFault_Handler                         0x0800058b   Thumb Code     4  stm32f10x_it.o(.text)
    UsageFault_Handler                       0x0800058f   Thumb Code     4  stm32f10x_it.o(.text)
    SVC_Handler                              0x08000593   Thumb Code     2  stm32f10x_it.o(.text)
    DebugMon_Handler                         0x08000595   Thumb Code     2  stm32f10x_it.o(.text)
    PendSV_Handler                           0x08000597   Thumb Code     2  stm32f10x_it.o(.text)
    SysTick_Handler                          0x08000599   Thumb Code     2  stm32f10x_it.o(.text)
    SystemInit                               0x0800067b   Thumb Code    78  system_stm32f10x.o(.text)
    SystemCoreClockUpdate                    0x080006c9   Thumb Code   142  system_stm32f10x.o(.text)
    OLED_IIC_Init                            0x0800077d   Thumb Code    64  oled.o(.text)
    OLED_SDA_IN                              0x080007bd   Thumb Code    22  oled.o(.text)
    OLED_SDA_OUT                             0x080007d3   Thumb Code    22  oled.o(.text)
    OLED_IIC_Start                           0x080007e9   Thumb Code    48  oled.o(.text)
    OLED_IIC_Stop                            0x08000819   Thumb Code    42  oled.o(.text)
    OLED_IIC_ACK                             0x08000843   Thumb Code    46  oled.o(.text)
    OLED_IIC_NACK                            0x08000871   Thumb Code    48  oled.o(.text)
    OLED_IIC_Wait_Ack                        0x080008a1   Thumb Code    64  oled.o(.text)
    OLED_IIC_Write_Byte                      0x080008e1   Thumb Code    54  oled.o(.text)
    OLED_IIC_Write_Data                      0x08000917   Thumb Code    52  oled.o(.text)
    OLED_IIC_Read_Byte                       0x0800094b   Thumb Code    80  oled.o(.text)
    OLED_IIC_Read_Data                       0x0800099b   Thumb Code    76  oled.o(.text)
    OLED_WriteCmd                            0x080009e7   Thumb Code    16  oled.o(.text)
    OLED_WriteDat                            0x080009f7   Thumb Code    16  oled.o(.text)
    OLED_Fill                                0x08000a07   Thumb Code    58  oled.o(.text)
    OLED_ON                                  0x08000a41   Thumb Code    16  oled.o(.text)
    OLED_Init                                0x08000a51   Thumb Code   192  oled.o(.text)
    OLED_SetPos                              0x08000b11   Thumb Code    40  oled.o(.text)
    OLED_CLS                                 0x08000b39   Thumb Code    10  oled.o(.text)
    OLED_OFF                                 0x08000b43   Thumb Code    22  oled.o(.text)
    OLED_ShowStr                             0x08000b59   Thumb Code   246  oled.o(.text)
    OLED_ShowCN                              0x08000c4f   Thumb Code    80  oled.o(.text)
    OLED_DrawBMP                             0x08000c9f   Thumb Code   116  oled.o(.text)
    OLED_Refresh_Gram                        0x08000d13   Thumb Code    62  oled.o(.text)
    TIM4_PWM_Init                            0x08000d61   Thumb Code   222  timer.o(.text)
    TIM1_PWM_Init                            0x08000e3f   Thumb Code   160  timer.o(.text)
    TIM4_Int_Init                            0x08000edf   Thumb Code    90  timer.o(.text)
    TIM4_IRQHandler                          0x08000f39   Thumb Code    30  timer.o(.text)
    Timer1_Init                              0x08000f57   Thumb Code   104  timer.o(.text)
    getdirfixpid                             0x08000fbf   Thumb Code    66  timer.o(.text)
    TIM1_UP_IRQHandler                       0x08001001   Thumb Code    22  timer.o(.text)
    MYDMA_Enable                             0x08001035   Thumb Code    32  dma.o(.text)
    MYDMA_Config2                            0x08001055   Thumb Code   102  dma.o(.text)
    MYDMA_Config                             0x080010bb   Thumb Code   150  dma.o(.text)
    DMA1_Channel5_IRQHandler                 0x08001151   Thumb Code    32  dma.o(.text)
    getgpiox                                 0x08001175   Thumb Code    94  keypad.o(.text)
    init_io_in                               0x080011d3   Thumb Code   206  keypad.o(.text)
    init_io_out                              0x080012a1   Thumb Code   214  keypad.o(.text)
    keypad_Init                              0x08001377   Thumb Code    68  keypad.o(.text)
    keyevent                                 0x080013bb   Thumb Code    44  keypad.o(.text)
    scankeypad                               0x080013e7   Thumb Code   154  keypad.o(.text)
    stepper_init                             0x080014bd   Thumb Code    70  stepper.o(.text)
    settarget                                0x08001503   Thumb Code   234  stepper.o(.text)
    EXTIX_Init                               0x080015ed   Thumb Code    42  stepper.o(.text)
    top_Control                              0x08001617   Thumb Code   146  stepper.o(.text)
    bottom_Control                           0x080016a9   Thumb Code   160  stepper.o(.text)
    postion_transform                        0x0800179d   Thumb Code   300  arm.o(.text)
    delay_init                               0x080018ed   Thumb Code    50  delay.o(.text)
    delay_us                                 0x0800191f   Thumb Code    72  delay.o(.text)
    delay_ms                                 0x08001967   Thumb Code    72  delay.o(.text)
    _sys_exit                                0x080019c1   Thumb Code     6  usart.o(.text)
    fputc                                    0x080019c7   Thumb Code     8  usart.o(.text)
    uart2_init                               0x080019cf   Thumb Code   120  usart.o(.text)
    Send_data                                0x08001a47   Thumb Code    38  usart.o(.text)
    uart_init                                0x08001a6d   Thumb Code   118  usart.o(.text)
    USART1_IRQHandler                        0x08001ae3   Thumb Code   126  usart.o(.text)
    Reset_Handler                            0x08001b79   Thumb Code     8  startup_stm32f10x_hd.o(.text)
    ADC1_2_IRQHandler                        0x08001b93   Thumb Code     0  startup_stm32f10x_hd.o(.text)
    ADC3_IRQHandler                          0x08001b93   Thumb Code     0  startup_stm32f10x_hd.o(.text)
    CAN1_RX1_IRQHandler                      0x08001b93   Thumb Code     0  startup_stm32f10x_hd.o(.text)
    CAN1_SCE_IRQHandler                      0x08001b93   Thumb Code     0  startup_stm32f10x_hd.o(.text)
    DMA1_Channel1_IRQHandler                 0x08001b93   Thumb Code     0  startup_stm32f10x_hd.o(.text)
    DMA1_Channel2_IRQHandler                 0x08001b93   Thumb Code     0  startup_stm32f10x_hd.o(.text)
    DMA1_Channel3_IRQHandler                 0x08001b93   Thumb Code     0  startup_stm32f10x_hd.o(.text)
    DMA1_Channel4_IRQHandler                 0x08001b93   Thumb Code     0  startup_stm32f10x_hd.o(.text)
    DMA1_Channel6_IRQHandler                 0x08001b93   Thumb Code     0  startup_stm32f10x_hd.o(.text)
    DMA1_Channel7_IRQHandler                 0x08001b93   Thumb Code     0  startup_stm32f10x_hd.o(.text)
    DMA2_Channel1_IRQHandler                 0x08001b93   Thumb Code     0  startup_stm32f10x_hd.o(.text)
    DMA2_Channel2_IRQHandler                 0x08001b93   Thumb Code     0  startup_stm32f10x_hd.o(.text)
    DMA2_Channel3_IRQHandler                 0x08001b93   Thumb Code     0  startup_stm32f10x_hd.o(.text)
    DMA2_Channel4_5_IRQHandler               0x08001b93   Thumb Code     0  startup_stm32f10x_hd.o(.text)
    EXTI0_IRQHandler                         0x08001b93   Thumb Code     0  startup_stm32f10x_hd.o(.text)
    EXTI15_10_IRQHandler                     0x08001b93   Thumb Code     0  startup_stm32f10x_hd.o(.text)
    EXTI1_IRQHandler                         0x08001b93   Thumb Code     0  startup_stm32f10x_hd.o(.text)
    EXTI2_IRQHandler                         0x08001b93   Thumb Code     0  startup_stm32f10x_hd.o(.text)
    EXTI3_IRQHandler                         0x08001b93   Thumb Code     0  startup_stm32f10x_hd.o(.text)
    EXTI4_IRQHandler                         0x08001b93   Thumb Code     0  startup_stm32f10x_hd.o(.text)
    EXTI9_5_IRQHandler                       0x08001b93   Thumb Code     0  startup_stm32f10x_hd.o(.text)
    FLASH_IRQHandler                         0x08001b93   Thumb Code     0  startup_stm32f10x_hd.o(.text)
    FSMC_IRQHandler                          0x08001b93   Thumb Code     0  startup_stm32f10x_hd.o(.text)
    I2C1_ER_IRQHandler                       0x08001b93   Thumb Code     0  startup_stm32f10x_hd.o(.text)
    I2C1_EV_IRQHandler                       0x08001b93   Thumb Code     0  startup_stm32f10x_hd.o(.text)
    I2C2_ER_IRQHandler                       0x08001b93   Thumb Code     0  startup_stm32f10x_hd.o(.text)
    I2C2_EV_IRQHandler                       0x08001b93   Thumb Code     0  startup_stm32f10x_hd.o(.text)
    PVD_IRQHandler                           0x08001b93   Thumb Code     0  startup_stm32f10x_hd.o(.text)
    RCC_IRQHandler                           0x08001b93   Thumb Code     0  startup_stm32f10x_hd.o(.text)
    RTCAlarm_IRQHandler                      0x08001b93   Thumb Code     0  startup_stm32f10x_hd.o(.text)
    RTC_IRQHandler                           0x08001b93   Thumb Code     0  startup_stm32f10x_hd.o(.text)
    SDIO_IRQHandler                          0x08001b93   Thumb Code     0  startup_stm32f10x_hd.o(.text)
    SPI1_IRQHandler                          0x08001b93   Thumb Code     0  startup_stm32f10x_hd.o(.text)
    SPI2_IRQHandler                          0x08001b93   Thumb Code     0  startup_stm32f10x_hd.o(.text)
    SPI3_IRQHandler                          0x08001b93   Thumb Code     0  startup_stm32f10x_hd.o(.text)
    TAMPER_IRQHandler                        0x08001b93   Thumb Code     0  startup_stm32f10x_hd.o(.text)
    TIM1_BRK_IRQHandler                      0x08001b93   Thumb Code     0  startup_stm32f10x_hd.o(.text)
    TIM1_CC_IRQHandler                       0x08001b93   Thumb Code     0  startup_stm32f10x_hd.o(.text)
    TIM1_TRG_COM_IRQHandler                  0x08001b93   Thumb Code     0  startup_stm32f10x_hd.o(.text)
    TIM2_IRQHandler                          0x08001b93   Thumb Code     0  startup_stm32f10x_hd.o(.text)
    TIM3_IRQHandler                          0x08001b93   Thumb Code     0  startup_stm32f10x_hd.o(.text)
    TIM5_IRQHandler                          0x08001b93   Thumb Code     0  startup_stm32f10x_hd.o(.text)
    TIM6_IRQHandler                          0x08001b93   Thumb Code     0  startup_stm32f10x_hd.o(.text)
    TIM7_IRQHandler                          0x08001b93   Thumb Code     0  startup_stm32f10x_hd.o(.text)
    TIM8_BRK_IRQHandler                      0x08001b93   Thumb Code     0  startup_stm32f10x_hd.o(.text)
    TIM8_CC_IRQHandler                       0x08001b93   Thumb Code     0  startup_stm32f10x_hd.o(.text)
    TIM8_TRG_COM_IRQHandler                  0x08001b93   Thumb Code     0  startup_stm32f10x_hd.o(.text)
    TIM8_UP_IRQHandler                       0x08001b93   Thumb Code     0  startup_stm32f10x_hd.o(.text)
    UART4_IRQHandler                         0x08001b93   Thumb Code     0  startup_stm32f10x_hd.o(.text)
    UART5_IRQHandler                         0x08001b93   Thumb Code     0  startup_stm32f10x_hd.o(.text)
    USART2_IRQHandler                        0x08001b93   Thumb Code     0  startup_stm32f10x_hd.o(.text)
    USART3_IRQHandler                        0x08001b93   Thumb Code     0  startup_stm32f10x_hd.o(.text)
    USBWakeUp_IRQHandler                     0x08001b93   Thumb Code     0  startup_stm32f10x_hd.o(.text)
    USB_HP_CAN1_TX_IRQHandler                0x08001b93   Thumb Code     0  startup_stm32f10x_hd.o(.text)
    USB_LP_CAN1_RX0_IRQHandler               0x08001b93   Thumb Code     0  startup_stm32f10x_hd.o(.text)
    WWDG_IRQHandler                          0x08001b93   Thumb Code     0  startup_stm32f10x_hd.o(.text)
    __user_initial_stackheap                 0x08001b95   Thumb Code     0  startup_stm32f10x_hd.o(.text)
    GPIO_DeInit                              0x08001bb9   Thumb Code   172  stm32f10x_gpio.o(.text)
    GPIO_AFIODeInit                          0x08001c65   Thumb Code    20  stm32f10x_gpio.o(.text)
    GPIO_Init                                0x08001c79   Thumb Code   278  stm32f10x_gpio.o(.text)
    GPIO_StructInit                          0x08001d8f   Thumb Code    16  stm32f10x_gpio.o(.text)
    GPIO_ReadInputDataBit                    0x08001d9f   Thumb Code    18  stm32f10x_gpio.o(.text)
    GPIO_ReadInputData                       0x08001db1   Thumb Code     8  stm32f10x_gpio.o(.text)
    GPIO_ReadOutputDataBit                   0x08001db9   Thumb Code    18  stm32f10x_gpio.o(.text)
    GPIO_ReadOutputData                      0x08001dcb   Thumb Code     8  stm32f10x_gpio.o(.text)
    GPIO_SetBits                             0x08001dd3   Thumb Code     4  stm32f10x_gpio.o(.text)
    GPIO_ResetBits                           0x08001dd7   Thumb Code     4  stm32f10x_gpio.o(.text)
    GPIO_WriteBit                            0x08001ddb   Thumb Code    10  stm32f10x_gpio.o(.text)
    GPIO_Write                               0x08001de5   Thumb Code     4  stm32f10x_gpio.o(.text)
    GPIO_PinLockConfig                       0x08001de9   Thumb Code    18  stm32f10x_gpio.o(.text)
    GPIO_EventOutputConfig                   0x08001dfb   Thumb Code    26  stm32f10x_gpio.o(.text)
    GPIO_EventOutputCmd                      0x08001e15   Thumb Code     6  stm32f10x_gpio.o(.text)
    GPIO_PinRemapConfig                      0x08001e1b   Thumb Code   138  stm32f10x_gpio.o(.text)
    GPIO_EXTILineConfig                      0x08001ea5   Thumb Code    66  stm32f10x_gpio.o(.text)
    GPIO_ETH_MediaInterfaceConfig            0x08001ee7   Thumb Code     8  stm32f10x_gpio.o(.text)
    RCC_DeInit                               0x08001f15   Thumb Code    64  stm32f10x_rcc.o(.text)
    RCC_HSEConfig                            0x08001f55   Thumb Code    70  stm32f10x_rcc.o(.text)
    RCC_GetFlagStatus                        0x08001f9b   Thumb Code    56  stm32f10x_rcc.o(.text)
    RCC_WaitForHSEStartUp                    0x08001fd3   Thumb Code    56  stm32f10x_rcc.o(.text)
    RCC_AdjustHSICalibrationValue            0x0800200b   Thumb Code    20  stm32f10x_rcc.o(.text)
    RCC_HSICmd                               0x0800201f   Thumb Code     6  stm32f10x_rcc.o(.text)
    RCC_PLLConfig                            0x08002025   Thumb Code    24  stm32f10x_rcc.o(.text)
    RCC_PLLCmd                               0x0800203d   Thumb Code     6  stm32f10x_rcc.o(.text)
    RCC_SYSCLKConfig                         0x08002043   Thumb Code    18  stm32f10x_rcc.o(.text)
    RCC_GetSYSCLKSource                      0x08002055   Thumb Code    10  stm32f10x_rcc.o(.text)
    RCC_HCLKConfig                           0x0800205f   Thumb Code    18  stm32f10x_rcc.o(.text)
    RCC_PCLK1Config                          0x08002071   Thumb Code    18  stm32f10x_rcc.o(.text)
    RCC_PCLK2Config                          0x08002083   Thumb Code    20  stm32f10x_rcc.o(.text)
    RCC_ITConfig                             0x08002097   Thumb Code    26  stm32f10x_rcc.o(.text)
    RCC_USBCLKConfig                         0x080020b1   Thumb Code     8  stm32f10x_rcc.o(.text)
    RCC_ADCCLKConfig                         0x080020b9   Thumb Code    18  stm32f10x_rcc.o(.text)
    RCC_LSEConfig                            0x080020cb   Thumb Code    50  stm32f10x_rcc.o(.text)
    RCC_LSICmd                               0x080020fd   Thumb Code     6  stm32f10x_rcc.o(.text)
    RCC_RTCCLKConfig                         0x08002103   Thumb Code    12  stm32f10x_rcc.o(.text)
    RCC_RTCCLKCmd                            0x0800210f   Thumb Code     8  stm32f10x_rcc.o(.text)
    RCC_GetClocksFreq                        0x08002117   Thumb Code   192  stm32f10x_rcc.o(.text)
    RCC_AHBPeriphClockCmd                    0x080021d7   Thumb Code    26  stm32f10x_rcc.o(.text)
    RCC_APB2PeriphClockCmd                   0x080021f1   Thumb Code    26  stm32f10x_rcc.o(.text)
    RCC_APB1PeriphClockCmd                   0x0800220b   Thumb Code    26  stm32f10x_rcc.o(.text)
    RCC_APB2PeriphResetCmd                   0x08002225   Thumb Code    26  stm32f10x_rcc.o(.text)
    RCC_APB1PeriphResetCmd                   0x0800223f   Thumb Code    26  stm32f10x_rcc.o(.text)
    RCC_BackupResetCmd                       0x08002259   Thumb Code     8  stm32f10x_rcc.o(.text)
    RCC_ClockSecuritySystemCmd               0x08002261   Thumb Code     6  stm32f10x_rcc.o(.text)
    RCC_MCOConfig                            0x08002267   Thumb Code     6  stm32f10x_rcc.o(.text)
    RCC_ClearFlag                            0x0800226d   Thumb Code    14  stm32f10x_rcc.o(.text)
    RCC_GetITStatus                          0x0800227b   Thumb Code    20  stm32f10x_rcc.o(.text)
    RCC_ClearITPendingBit                    0x0800228f   Thumb Code     6  stm32f10x_rcc.o(.text)
    USART_DeInit                             0x080022b9   Thumb Code   134  stm32f10x_usart.o(.text)
    USART_Init                               0x0800233f   Thumb Code   210  stm32f10x_usart.o(.text)
    USART_StructInit                         0x08002411   Thumb Code    24  stm32f10x_usart.o(.text)
    USART_ClockInit                          0x08002429   Thumb Code    34  stm32f10x_usart.o(.text)
    USART_ClockStructInit                    0x0800244b   Thumb Code    12  stm32f10x_usart.o(.text)
    USART_Cmd                                0x08002457   Thumb Code    24  stm32f10x_usart.o(.text)
    USART_ITConfig                           0x0800246f   Thumb Code    74  stm32f10x_usart.o(.text)
    USART_DMACmd                             0x080024b9   Thumb Code    18  stm32f10x_usart.o(.text)
    USART_SetAddress                         0x080024cb   Thumb Code    18  stm32f10x_usart.o(.text)
    USART_WakeUpConfig                       0x080024dd   Thumb Code    18  stm32f10x_usart.o(.text)
    USART_ReceiverWakeUpCmd                  0x080024ef   Thumb Code    24  stm32f10x_usart.o(.text)
    USART_LINBreakDetectLengthConfig         0x08002507   Thumb Code    18  stm32f10x_usart.o(.text)
    USART_LINCmd                             0x08002519   Thumb Code    24  stm32f10x_usart.o(.text)
    USART_SendData                           0x08002531   Thumb Code     8  stm32f10x_usart.o(.text)
    USART_ReceiveData                        0x08002539   Thumb Code    10  stm32f10x_usart.o(.text)
    USART_SendBreak                          0x08002543   Thumb Code    10  stm32f10x_usart.o(.text)
    USART_SetGuardTime                       0x0800254d   Thumb Code    16  stm32f10x_usart.o(.text)
    USART_SetPrescaler                       0x0800255d   Thumb Code    16  stm32f10x_usart.o(.text)
    USART_SmartCardCmd                       0x0800256d   Thumb Code    24  stm32f10x_usart.o(.text)
    USART_SmartCardNACKCmd                   0x08002585   Thumb Code    24  stm32f10x_usart.o(.text)
    USART_HalfDuplexCmd                      0x0800259d   Thumb Code    24  stm32f10x_usart.o(.text)
    USART_OverSampling8Cmd                   0x080025b5   Thumb Code    22  stm32f10x_usart.o(.text)
    USART_OneBitMethodCmd                    0x080025cb   Thumb Code    24  stm32f10x_usart.o(.text)
    USART_IrDAConfig                         0x080025e3   Thumb Code    18  stm32f10x_usart.o(.text)
    USART_IrDACmd                            0x080025f5   Thumb Code    24  stm32f10x_usart.o(.text)
    USART_GetFlagStatus                      0x0800260d   Thumb Code    26  stm32f10x_usart.o(.text)
    USART_ClearFlag                          0x08002627   Thumb Code    18  stm32f10x_usart.o(.text)
    USART_GetITStatus                        0x08002639   Thumb Code    84  stm32f10x_usart.o(.text)
    USART_ClearITPendingBit                  0x0800268d   Thumb Code    52  stm32f10x_usart.o(.text)
    NVIC_PriorityGroupConfig                 0x080026c1   Thumb Code    10  misc.o(.text)
    NVIC_Init                                0x080026cb   Thumb Code   100  misc.o(.text)
    NVIC_SetVectorTable                      0x0800272f   Thumb Code    14  misc.o(.text)
    NVIC_SystemLPConfig                      0x0800273d   Thumb Code    34  misc.o(.text)
    SysTick_CLKSourceConfig                  0x0800275f   Thumb Code    40  misc.o(.text)
    TIM_DeInit                               0x0800279d   Thumb Code   424  stm32f10x_tim.o(.text)
    TIM_TimeBaseInit                         0x08002945   Thumb Code   122  stm32f10x_tim.o(.text)
    TIM_OC1Init                              0x080029bf   Thumb Code   132  stm32f10x_tim.o(.text)
    TIM_OC2Init                              0x08002a43   Thumb Code   154  stm32f10x_tim.o(.text)
    TIM_OC3Init                              0x08002add   Thumb Code   150  stm32f10x_tim.o(.text)
    TIM_OC4Init                              0x08002b73   Thumb Code   182  stm32f10x_tim.o(.text)
    TIM_SetIC4Prescaler                      0x08002c29   Thumb Code    26  stm32f10x_tim.o(.text)
    TIM_SetIC3Prescaler                      0x08002cc5   Thumb Code    18  stm32f10x_tim.o(.text)
    TIM_SetIC2Prescaler                      0x08002d51   Thumb Code    26  stm32f10x_tim.o(.text)
    TIM_SetIC1Prescaler                      0x08002ded   Thumb Code    18  stm32f10x_tim.o(.text)
    TIM_ICInit                               0x08002e6b   Thumb Code   150  stm32f10x_tim.o(.text)
    TIM_PWMIConfig                           0x08002f01   Thumb Code   124  stm32f10x_tim.o(.text)
    TIM_BDTRConfig                           0x08002f7d   Thumb Code    32  stm32f10x_tim.o(.text)
    TIM_TimeBaseStructInit                   0x08002f9d   Thumb Code    18  stm32f10x_tim.o(.text)
    TIM_OCStructInit                         0x08002faf   Thumb Code    20  stm32f10x_tim.o(.text)
    TIM_ICStructInit                         0x08002fc3   Thumb Code    18  stm32f10x_tim.o(.text)
    TIM_BDTRStructInit                       0x08002fd5   Thumb Code    40  stm32f10x_tim.o(.text)
    TIM_Cmd                                  0x08002ffd   Thumb Code    24  stm32f10x_tim.o(.text)
    TIM_CtrlPWMOutputs                       0x08003015   Thumb Code    30  stm32f10x_tim.o(.text)
    TIM_ITConfig                             0x08003033   Thumb Code    18  stm32f10x_tim.o(.text)
    TIM_GenerateEvent                        0x08003045   Thumb Code     4  stm32f10x_tim.o(.text)
    TIM_DMAConfig                            0x08003049   Thumb Code    10  stm32f10x_tim.o(.text)
    TIM_DMACmd                               0x08003053   Thumb Code    18  stm32f10x_tim.o(.text)
    TIM_InternalClockConfig                  0x08003065   Thumb Code    12  stm32f10x_tim.o(.text)
    TIM_SelectInputTrigger                   0x08003071   Thumb Code    18  stm32f10x_tim.o(.text)
    TIM_ITRxExternalClockConfig              0x08003083   Thumb Code    24  stm32f10x_tim.o(.text)
    TIM_TIxExternalClockConfig               0x0800309b   Thumb Code    62  stm32f10x_tim.o(.text)
    TIM_ETRConfig                            0x080030d9   Thumb Code    28  stm32f10x_tim.o(.text)
    TIM_ETRClockMode1Config                  0x080030f5   Thumb Code    54  stm32f10x_tim.o(.text)
    TIM_ETRClockMode2Config                  0x0800312b   Thumb Code    32  stm32f10x_tim.o(.text)
    TIM_PrescalerConfig                      0x0800314b   Thumb Code     6  stm32f10x_tim.o(.text)
    TIM_CounterModeConfig                    0x08003151   Thumb Code    18  stm32f10x_tim.o(.text)
    TIM_EncoderInterfaceConfig               0x08003163   Thumb Code    66  stm32f10x_tim.o(.text)
    TIM_ForcedOC1Config                      0x080031a5   Thumb Code    18  stm32f10x_tim.o(.text)
    TIM_ForcedOC2Config                      0x080031b7   Thumb Code    26  stm32f10x_tim.o(.text)
    TIM_ForcedOC3Config                      0x080031d1   Thumb Code    18  stm32f10x_tim.o(.text)
    TIM_ForcedOC4Config                      0x080031e3   Thumb Code    26  stm32f10x_tim.o(.text)
    TIM_ARRPreloadConfig                     0x080031fd   Thumb Code    24  stm32f10x_tim.o(.text)
    TIM_SelectCOM                            0x08003215   Thumb Code    24  stm32f10x_tim.o(.text)
    TIM_SelectCCDMA                          0x0800322d   Thumb Code    24  stm32f10x_tim.o(.text)
    TIM_CCPreloadControl                     0x08003245   Thumb Code    24  stm32f10x_tim.o(.text)
    TIM_OC1PreloadConfig                     0x0800325d   Thumb Code    18  stm32f10x_tim.o(.text)
    TIM_OC2PreloadConfig                     0x0800326f   Thumb Code    26  stm32f10x_tim.o(.text)
    TIM_OC3PreloadConfig                     0x08003289   Thumb Code    18  stm32f10x_tim.o(.text)
    TIM_OC4PreloadConfig                     0x0800329b   Thumb Code    26  stm32f10x_tim.o(.text)
    TIM_OC1FastConfig                        0x080032b5   Thumb Code    18  stm32f10x_tim.o(.text)
    TIM_OC2FastConfig                        0x080032c7   Thumb Code    26  stm32f10x_tim.o(.text)
    TIM_OC3FastConfig                        0x080032e1   Thumb Code    18  stm32f10x_tim.o(.text)
    TIM_OC4FastConfig                        0x080032f3   Thumb Code    26  stm32f10x_tim.o(.text)
    TIM_ClearOC1Ref                          0x0800330d   Thumb Code    18  stm32f10x_tim.o(.text)
    TIM_ClearOC2Ref                          0x0800331f   Thumb Code    24  stm32f10x_tim.o(.text)
    TIM_ClearOC3Ref                          0x08003337   Thumb Code    18  stm32f10x_tim.o(.text)
    TIM_ClearOC4Ref                          0x08003349   Thumb Code    24  stm32f10x_tim.o(.text)
    TIM_OC1PolarityConfig                    0x08003361   Thumb Code    18  stm32f10x_tim.o(.text)
    TIM_OC1NPolarityConfig                   0x08003373   Thumb Code    18  stm32f10x_tim.o(.text)
    TIM_OC2PolarityConfig                    0x08003385   Thumb Code    26  stm32f10x_tim.o(.text)
    TIM_OC2NPolarityConfig                   0x0800339f   Thumb Code    26  stm32f10x_tim.o(.text)
    TIM_OC3PolarityConfig                    0x080033b9   Thumb Code    26  stm32f10x_tim.o(.text)
    TIM_OC3NPolarityConfig                   0x080033d3   Thumb Code    26  stm32f10x_tim.o(.text)
    TIM_OC4PolarityConfig                    0x080033ed   Thumb Code    26  stm32f10x_tim.o(.text)
    TIM_CCxCmd                               0x08003407   Thumb Code    30  stm32f10x_tim.o(.text)
    TIM_CCxNCmd                              0x08003425   Thumb Code    30  stm32f10x_tim.o(.text)
    TIM_SelectOCxM                           0x08003443   Thumb Code    82  stm32f10x_tim.o(.text)
    TIM_UpdateDisableConfig                  0x08003495   Thumb Code    24  stm32f10x_tim.o(.text)
    TIM_UpdateRequestConfig                  0x080034ad   Thumb Code    24  stm32f10x_tim.o(.text)
    TIM_SelectHallSensor                     0x080034c5   Thumb Code    24  stm32f10x_tim.o(.text)
    TIM_SelectOnePulseMode                   0x080034dd   Thumb Code    18  stm32f10x_tim.o(.text)
    TIM_SelectOutputTrigger                  0x080034ef   Thumb Code    18  stm32f10x_tim.o(.text)
    TIM_SelectSlaveMode                      0x08003501   Thumb Code    18  stm32f10x_tim.o(.text)
    TIM_SelectMasterSlaveMode                0x08003513   Thumb Code    18  stm32f10x_tim.o(.text)
    TIM_SetCounter                           0x08003525   Thumb Code     4  stm32f10x_tim.o(.text)
    TIM_SetAutoreload                        0x08003529   Thumb Code     4  stm32f10x_tim.o(.text)
    TIM_SetCompare1                          0x0800352d   Thumb Code     4  stm32f10x_tim.o(.text)
    TIM_SetCompare2                          0x08003531   Thumb Code     4  stm32f10x_tim.o(.text)
    TIM_SetCompare3                          0x08003535   Thumb Code     4  stm32f10x_tim.o(.text)
    TIM_SetCompare4                          0x08003539   Thumb Code     6  stm32f10x_tim.o(.text)
    TIM_SetClockDivision                     0x0800353f   Thumb Code    18  stm32f10x_tim.o(.text)
    TIM_GetCapture1                          0x08003551   Thumb Code     6  stm32f10x_tim.o(.text)
    TIM_GetCapture2                          0x08003557   Thumb Code     6  stm32f10x_tim.o(.text)
    TIM_GetCapture3                          0x0800355d   Thumb Code     6  stm32f10x_tim.o(.text)
    TIM_GetCapture4                          0x08003563   Thumb Code     8  stm32f10x_tim.o(.text)
    TIM_GetCounter                           0x0800356b   Thumb Code     6  stm32f10x_tim.o(.text)
    TIM_GetPrescaler                         0x08003571   Thumb Code     6  stm32f10x_tim.o(.text)
    TIM_GetFlagStatus                        0x08003577   Thumb Code    18  stm32f10x_tim.o(.text)
    TIM_ClearFlag                            0x08003589   Thumb Code     6  stm32f10x_tim.o(.text)
    TIM_GetITStatus                          0x0800358f   Thumb Code    34  stm32f10x_tim.o(.text)
    TIM_ClearITPendingBit                    0x080035b1   Thumb Code     6  stm32f10x_tim.o(.text)
    DMA_DeInit                               0x080035b9   Thumb Code   324  stm32f10x_dma.o(.text)
    DMA_Init                                 0x080036fd   Thumb Code    60  stm32f10x_dma.o(.text)
    DMA_StructInit                           0x08003739   Thumb Code    26  stm32f10x_dma.o(.text)
    DMA_Cmd                                  0x08003753   Thumb Code    24  stm32f10x_dma.o(.text)
    DMA_ITConfig                             0x0800376b   Thumb Code    18  stm32f10x_dma.o(.text)
    DMA_SetCurrDataCounter                   0x0800377d   Thumb Code     4  stm32f10x_dma.o(.text)
    DMA_GetCurrDataCounter                   0x08003781   Thumb Code     8  stm32f10x_dma.o(.text)
    DMA_GetFlagStatus                        0x08003789   Thumb Code    40  stm32f10x_dma.o(.text)
    DMA_ClearFlag                            0x080037b1   Thumb Code    22  stm32f10x_dma.o(.text)
    DMA_GetITStatus                          0x080037c7   Thumb Code    40  stm32f10x_dma.o(.text)
    DMA_ClearITPendingBit                    0x080037ef   Thumb Code    22  stm32f10x_dma.o(.text)
    __use_no_semihosting                     0x0800380d   Thumb Code     2  use_no_semi_2.o(.text)
    __2sprintf                               0x08003811   Thumb Code    34  noretval__2sprintf.o(.text)
    _printf_pre_padding                      0x08003839   Thumb Code    44  _printf_pad.o(.text)
    _printf_post_padding                     0x08003865   Thumb Code    34  _printf_pad.o(.text)
    _printf_int_dec                          0x08003889   Thumb Code   104  _printf_dec.o(.text)
    __printf                                 0x08003901   Thumb Code   270  __printf_wp.o(.text)
    strlen                                   0x08003a0f   Thumb Code    62  strlen.o(.text)
    __use_two_region_memory                  0x08003a4d   Thumb Code     2  heapauxi.o(.text)
    __rt_heap_escrow$2region                 0x08003a4f   Thumb Code     2  heapauxi.o(.text)
    __rt_heap_expand$2region                 0x08003a51   Thumb Code     2  heapauxi.o(.text)
    __I$use$semihosting                      0x08003a53   Thumb Code     0  use_no_semi.o(.text)
    __use_no_semihosting_swi                 0x08003a53   Thumb Code     2  use_no_semi.o(.text)
    __read_errno                             0x08003a55   Thumb Code    10  _rserrno.o(.text)
    __set_errno                              0x08003a5f   Thumb Code    12  _rserrno.o(.text)
    _printf_int_common                       0x08003a6b   Thumb Code   178  _printf_intcommon.o(.text)
    __lib_sel_fp_printf                      0x08003b1d   Thumb Code     2  _printf_fp_dec.o(.text)
    _printf_fp_dec_real                      0x08003ccf   Thumb Code   620  _printf_fp_dec.o(.text)
    _printf_char_common                      0x08003f47   Thumb Code    32  _printf_char_common.o(.text)
    _sputc                                   0x08003f6d   Thumb Code    10  _sputc.o(.text)
    __rt_locale                              0x08003f79   Thumb Code     8  rt_locale_intlibspace.o(.text)
    __aeabi_errno_addr                       0x08003f81   Thumb Code     8  rt_errno_addr_intlibspace.o(.text)
    __errno$intlibspace                      0x08003f81   Thumb Code     0  rt_errno_addr_intlibspace.o(.text)
    __rt_errno_addr$intlibspace              0x08003f81   Thumb Code     0  rt_errno_addr_intlibspace.o(.text)
    _ll_udiv10                               0x08003f89   Thumb Code   138  lludiv10.o(.text)
    _printf_fp_infnan                        0x08004015   Thumb Code   112  _printf_fp_infnan.o(.text)
    _btod_etento                             0x08004095   Thumb Code   224  bigflt0.o(.text)
    __user_libspace                          0x08004179   Thumb Code     8  libspace.o(.text)
    __user_perproc_libspace                  0x08004179   Thumb Code     0  libspace.o(.text)
    __user_perthread_libspace                0x08004179   Thumb Code     0  libspace.o(.text)
    __user_setup_stackheap                   0x08004181   Thumb Code    74  sys_stackheap_outer.o(.text)
    exit                                     0x080041cb   Thumb Code    18  exit.o(.text)
    strcmp                                   0x080041dd   Thumb Code   128  strcmpv7m.o(.text)
    _btod_d2e                                0x0800425d   Thumb Code    62  btod.o(CL$$btod_d2e)
    _d2e_denorm_low                          0x0800429b   Thumb Code    70  btod.o(CL$$btod_d2e_denorm_low)
    _d2e_norm_op1                            0x080042e1   Thumb Code    96  btod.o(CL$$btod_d2e_norm_op1)
    __btod_div_common                        0x08004341   Thumb Code   696  btod.o(CL$$btod_div_common)
    _e2e                                     0x08004679   Thumb Code   220  btod.o(CL$$btod_e2e)
    _btod_ediv                               0x08004755   Thumb Code    42  btod.o(CL$$btod_ediv)
    _btod_emul                               0x0800477f   Thumb Code    42  btod.o(CL$$btod_emul)
    __btod_mult_common                       0x080047a9   Thumb Code   580  btod.o(CL$$btod_mult_common)
    __ARM_fpclassify                         0x080049ed   Thumb Code    40  fpclassify.o(i.__ARM_fpclassify)
    __ARM_fpclassifyf                        0x08004a15   Thumb Code    38  fpclassifyf.o(i.__ARM_fpclassifyf)
    __kernel_poly                            0x08004a3b   Thumb Code   170  poly.o(i.__kernel_poly)
    __mathlib_dbl_infnan                     0x08004ae5   Thumb Code     6  dunder.o(i.__mathlib_dbl_infnan)
    __mathlib_dbl_infnan2                    0x08004aeb   Thumb Code     4  dunder.o(i.__mathlib_dbl_infnan2)
    __mathlib_dbl_invalid                    0x08004aef   Thumb Code    12  dunder.o(i.__mathlib_dbl_invalid)
    __mathlib_dbl_underflow                  0x08004afd   Thumb Code    10  dunder.o(i.__mathlib_dbl_underflow)
    __mathlib_flt_infnan                     0x08004b0d   Thumb Code     6  funder.o(i.__mathlib_flt_infnan)
    __mathlib_flt_infnan2                    0x08004b13   Thumb Code     4  funder.o(i.__mathlib_flt_infnan2)
    __mathlib_flt_invalid                    0x08004b17   Thumb Code     8  funder.o(i.__mathlib_flt_invalid)
    __mathlib_flt_underflow                  0x08004b1f   Thumb Code    10  funder.o(i.__mathlib_flt_underflow)
    __mathlib_rredf2                         0x08004b29   Thumb Code   344  rredf.o(i.__mathlib_rredf2)
    _is_digit                                0x08004c91   Thumb Code    14  __printf_wp.o(i._is_digit)
    acos                                     0x08004ca1   Thumb Code   574  acos.o(i.acos)
    acosf                                    0x08004f1d   Thumb Code   242  acosf.o(i.acosf)
    asinf                                    0x08005039   Thumb Code   254  asinf.o(i.asinf)
    atan                                     0x0800515d   Thumb Code   474  atan.o(i.atan)
    atan2                                    0x0800537d   Thumb Code   346  atan2.o(i.atan2)
    atan2f                                   0x080054fd   Thumb Code   528  atan2f.o(i.atan2f)
    sinf                                     0x08005759   Thumb Code   338  sinf.o(i.sinf)
    sqrt                                     0x080058e1   Thumb Code    76  sqrt.o(i.sqrt)
    sqrtf                                    0x0800592d   Thumb Code    44  sqrtf.o(i.sqrtf)
    _get_lc_numeric                          0x08005959   Thumb Code    44  lc_numeric_c.o(locale$$code)
    __aeabi_d2f                              0x08005985   Thumb Code     0  d2f.o(x$fpl$d2f)
    _d2f                                     0x08005985   Thumb Code    98  d2f.o(x$fpl$d2f)
    __aeabi_dadd                             0x080059e9   Thumb Code     0  daddsub_clz.o(x$fpl$dadd)
    _dadd                                    0x080059e9   Thumb Code   332  daddsub_clz.o(x$fpl$dadd)
    __fpl_dcheck_NaN1                        0x08005b39   Thumb Code    10  dcheck1.o(x$fpl$dcheck1)
    __aeabi_ddiv                             0x08005b49   Thumb Code     0  ddiv.o(x$fpl$ddiv)
    _ddiv                                    0x08005b49   Thumb Code   552  ddiv.o(x$fpl$ddiv)
    __aeabi_d2iz                             0x08005df9   Thumb Code     0  dfix.o(x$fpl$dfix)
    _dfix                                    0x08005df9   Thumb Code    94  dfix.o(x$fpl$dfix)
    __aeabi_dmul                             0x08005e59   Thumb Code     0  dmul.o(x$fpl$dmul)
    _dmul                                    0x08005e59   Thumb Code   332  dmul.o(x$fpl$dmul)
    __fpl_dnaninf                            0x08005fad   Thumb Code   156  dnaninf.o(x$fpl$dnaninf)
    __fpl_dretinf                            0x08006049   Thumb Code    12  dretinf.o(x$fpl$dretinf)
    __aeabi_drsub                            0x08006055   Thumb Code     0  daddsub_clz.o(x$fpl$drsb)
    _drsb                                    0x08006055   Thumb Code    22  daddsub_clz.o(x$fpl$drsb)
    _dsqrt                                   0x0800606d   Thumb Code   456  dsqrt_noumaal.o(x$fpl$dsqrt)
    __aeabi_dsub                             0x08006239   Thumb Code     0  daddsub_clz.o(x$fpl$dsub)
    _dsub                                    0x08006239   Thumb Code   464  daddsub_clz.o(x$fpl$dsub)
    __aeabi_f2d                              0x0800640d   Thumb Code     0  f2d.o(x$fpl$f2d)
    _f2d                                     0x0800640d   Thumb Code    86  f2d.o(x$fpl$f2d)
    __aeabi_fadd                             0x08006465   Thumb Code     0  faddsub_clz.o(x$fpl$fadd)
    _fadd                                    0x08006465   Thumb Code   196  faddsub_clz.o(x$fpl$fadd)
    __fpl_fcheck_NaN1                        0x08006529   Thumb Code     6  fcheck1.o(x$fpl$fcheck1)
    __aeabi_fdiv                             0x08006535   Thumb Code     0  fdiv.o(x$fpl$fdiv)
    _fdiv                                    0x08006535   Thumb Code   384  fdiv.o(x$fpl$fdiv)
    __aeabi_f2iz                             0x080066b9   Thumb Code     0  ffix.o(x$fpl$ffix)
    _ffix                                    0x080066b9   Thumb Code    54  ffix.o(x$fpl$ffix)
    __aeabi_i2f                              0x080066f1   Thumb Code     0  fflt_clz.o(x$fpl$fflt)
    _fflt                                    0x080066f1   Thumb Code    48  fflt_clz.o(x$fpl$fflt)
    __aeabi_ui2f                             0x08006721   Thumb Code     0  fflt_clz.o(x$fpl$ffltu)
    _ffltu                                   0x08006721   Thumb Code    38  fflt_clz.o(x$fpl$ffltu)
    __aeabi_fmul                             0x08006749   Thumb Code     0  fmul.o(x$fpl$fmul)
    _fmul                                    0x08006749   Thumb Code   258  fmul.o(x$fpl$fmul)
    __fpl_fnaninf                            0x0800684b   Thumb Code   140  fnaninf.o(x$fpl$fnaninf)
    __fpl_fretinf                            0x080068d7   Thumb Code    10  fretinf.o(x$fpl$fretinf)
    _frnd                                    0x080068e1   Thumb Code    96  frnd.o(x$fpl$frnd)
    __aeabi_frsub                            0x08006941   Thumb Code     0  faddsub_clz.o(x$fpl$frsb)
    _frsb                                    0x08006941   Thumb Code    20  faddsub_clz.o(x$fpl$frsb)
    _fsqrt                                   0x08006955   Thumb Code   272  fsqrt.o(x$fpl$fsqrt)
    __aeabi_fsub                             0x08006a65   Thumb Code     0  faddsub_clz.o(x$fpl$fsub)
    _fsub                                    0x08006a65   Thumb Code   234  faddsub_clz.o(x$fpl$fsub)
    _printf_fp_dec                           0x08006b4f   Thumb Code     4  printf1.o(x$fpl$printf1)
    __fpl_return_NaN                         0x08006b53   Thumb Code   100  retnan.o(x$fpl$retnan)
    __ARM_scalbn                             0x08006bb7   Thumb Code    92  scalbn.o(x$fpl$scalbn)
    __ARM_scalbnf                            0x08006c13   Thumb Code    76  scalbnf.o(x$fpl$scalbnf)
    __fpl_cmpreturn                          0x08006c5f   Thumb Code    48  trapv.o(x$fpl$trapveneer)
    F6x8                                     0x08006c8e   Data         552  oled.o(.constdata)
    __I$use$fp                               0x08006c8e   Number         0  usenofp.o(x$fpl$usenofp)
    F8X16                                    0x08006eb6   Data        1520  oled.o(.constdata)
    __mathlib_zero                           0x08007590   Data           8  qnan.o(.constdata)
    Region$$Table$$Base                      0x0800764c   Number         0  anon$$obj.o(Region$$Table)
    Region$$Table$$Limit                     0x0800766c   Number         0  anon$$obj.o(Region$$Table)
    a                                        0x20000000   Data           4  main.o(.data)
    stcAngle                                 0x20000004   Data           8  main.o(.data)
    stcMag                                   0x2000000c   Data           8  main.o(.data)
    SystemCoreClock                          0x20000014   Data           4  system_stm32f10x.o(.data)
    AHBPrescTable                            0x20000018   Data          16  system_stm32f10x.o(.data)
    F16x16                                   0x20000028   Data         160  oled.o(.data)
    BMP1                                     0x200000c8   Data          80  oled.o(.data)
    GPIO_OLED_InitStructure                  0x20000118   Data           4  oled.o(.data)
    distancex                                0x2000011c   Data           4  timer.o(.data)
    distancey                                0x20000120   Data           4  timer.o(.data)
    targetdir                                0x20000124   Data           4  timer.o(.data)
    xx                                       0x20000128   Data           4  timer.o(.data)
    yy                                       0x2000012c   Data           4  timer.o(.data)
    zz                                       0x20000130   Data           4  timer.o(.data)
    rowcount                                 0x20000140   Data           1  keypad.o(.data)
    colcount                                 0x20000141   Data           1  keypad.o(.data)
    keybufferlen                             0x20000142   Data           1  keypad.o(.data)
    key                                      0x20000144   Data           4  keypad.o(.data)
    bottom_step                              0x20000148   Data           4  stepper.o(.data)
    top_step                                 0x2000014c   Data           4  stepper.o(.data)
    bottom_tarangle                          0x20000150   Data           4  stepper.o(.data)
    top_tarangle                             0x20000154   Data           4  stepper.o(.data)
    bottom_homemode                          0x20000158   Data           1  stepper.o(.data)
    bottom_downcount                         0x20000159   Data           1  stepper.o(.data)
    top_homemode                             0x2000015a   Data           1  stepper.o(.data)
    top_downcount                            0x2000015b   Data           1  stepper.o(.data)
    top_target                               0x2000015c   Data           4  stepper.o(.data)
    bottom_target                            0x20000160   Data           4  stepper.o(.data)
    __stdout                                 0x20000168   Data           4  usart.o(.data)
    USART_RX_STA                             0x2000016c   Data           2  usart.o(.data)
    OLED_GRAM                                0x20000184   Data        1024  oled.o(.bss)
    USART2_RX_BUF                            0x20000584   Data          11  dma.o(.bss)
    keydowncount                             0x20000590   Data          16  keypad.o(.bss)
    rowio                                    0x200005a0   Data          16  keypad.o(.bss)
    colio                                    0x200005b0   Data          16  keypad.o(.bss)
    keybuffer                                0x200005c0   Data          16  keypad.o(.bss)
    USART_RX_BUF                             0x200005d0   Data         200  usart.o(.bss)
    __libspace_start                         0x20000698   Data          96  libspace.o(.bss)
    __temporary_stack_top$libspace           0x200006f8   Data           0  libspace.o(.bss)



==============================================================================

Memory Map of the image

  Image Entry point : 0x08000131

  Load Region LR_IROM1 (Base: 0x08000000, Size: 0x0000780c, Max: 0x00040000, ABSOLUTE, COMPRESSED[0x00007780])

    Execution Region ER_IROM1 (Exec base: 0x08000000, Load base: 0x08000000, Size: 0x00007688, Max: 0x00040000, ABSOLUTE)

    Exec Addr    Load Addr    Size         Type   Attr      Idx    E Section Name        Object

    0x08000000   0x08000000   0x00000130   Data   RO          446    RESET               startup_stm32f10x_hd.o
    0x08000130   0x08000130   0x00000008   Code   RO          580  * !!!main             c_w.l(__main.o)
    0x08000138   0x08000138   0x00000034   Code   RO          987    !!!scatter          c_w.l(__scatter.o)
    0x0800016c   0x0800016c   0x0000005a   Code   RO          985    !!dczerorl2         c_w.l(__dczerorl2.o)
    0x080001c6   0x080001c6   0x00000002   PAD
    0x080001c8   0x080001c8   0x0000001c   Code   RO          989    !!handler_zi        c_w.l(__scatter_zi.o)
    0x080001e4   0x080001e4   0x00000000   Code   RO          573    .ARM.Collect$$_printf_percent$$00000000  c_w.l(_printf_percent.o)
    0x080001e4   0x080001e4   0x00000006   Code   RO          572    .ARM.Collect$$_printf_percent$$00000003  c_w.l(_printf_f.o)
    0x080001ea   0x080001ea   0x00000006   Code   RO          571    .ARM.Collect$$_printf_percent$$00000009  c_w.l(_printf_d.o)
    0x080001f0   0x080001f0   0x00000004   Code   RO          705    .ARM.Collect$$_printf_percent$$00000017  c_w.l(_printf_percent_end.o)
    0x080001f4   0x080001f4   0x00000002   Code   RO          858    .ARM.Collect$$libinit$$00000000  c_w.l(libinit.o)
    0x080001f6   0x080001f6   0x00000000   Code   RO          860    .ARM.Collect$$libinit$$00000002  c_w.l(libinit2.o)
    0x080001f6   0x080001f6   0x00000000   Code   RO          862    .ARM.Collect$$libinit$$00000004  c_w.l(libinit2.o)
    0x080001f6   0x080001f6   0x00000000   Code   RO          865    .ARM.Collect$$libinit$$0000000A  c_w.l(libinit2.o)
    0x080001f6   0x080001f6   0x00000000   Code   RO          867    .ARM.Collect$$libinit$$0000000C  c_w.l(libinit2.o)
    0x080001f6   0x080001f6   0x00000000   Code   RO          869    .ARM.Collect$$libinit$$0000000E  c_w.l(libinit2.o)
    0x080001f6   0x080001f6   0x00000006   Code   RO          870    .ARM.Collect$$libinit$$0000000F  c_w.l(libinit2.o)
    0x080001fc   0x080001fc   0x00000000   Code   RO          872    .ARM.Collect$$libinit$$00000011  c_w.l(libinit2.o)
    0x080001fc   0x080001fc   0x00000000   Code   RO          874    .ARM.Collect$$libinit$$00000013  c_w.l(libinit2.o)
    0x080001fc   0x080001fc   0x00000000   Code   RO          876    .ARM.Collect$$libinit$$00000015  c_w.l(libinit2.o)
    0x080001fc   0x080001fc   0x0000000a   Code   RO          877    .ARM.Collect$$libinit$$00000016  c_w.l(libinit2.o)
    0x08000206   0x08000206   0x00000000   Code   RO          878    .ARM.Collect$$libinit$$00000017  c_w.l(libinit2.o)
    0x08000206   0x08000206   0x00000000   Code   RO          880    .ARM.Collect$$libinit$$00000019  c_w.l(libinit2.o)
    0x08000206   0x08000206   0x00000000   Code   RO          882    .ARM.Collect$$libinit$$0000001B  c_w.l(libinit2.o)
    0x08000206   0x08000206   0x00000000   Code   RO          884    .ARM.Collect$$libinit$$0000001D  c_w.l(libinit2.o)
    0x08000206   0x08000206   0x00000000   Code   RO          886    .ARM.Collect$$libinit$$0000001F  c_w.l(libinit2.o)
    0x08000206   0x08000206   0x00000000   Code   RO          888    .ARM.Collect$$libinit$$00000021  c_w.l(libinit2.o)
    0x08000206   0x08000206   0x00000000   Code   RO          890    .ARM.Collect$$libinit$$00000023  c_w.l(libinit2.o)
    0x08000206   0x08000206   0x00000000   Code   RO          892    .ARM.Collect$$libinit$$00000025  c_w.l(libinit2.o)
    0x08000206   0x08000206   0x00000000   Code   RO          896    .ARM.Collect$$libinit$$0000002C  c_w.l(libinit2.o)
    0x08000206   0x08000206   0x00000000   Code   RO          898    .ARM.Collect$$libinit$$0000002E  c_w.l(libinit2.o)
    0x08000206   0x08000206   0x00000000   Code   RO          900    .ARM.Collect$$libinit$$00000030  c_w.l(libinit2.o)
    0x08000206   0x08000206   0x00000000   Code   RO          902    .ARM.Collect$$libinit$$00000032  c_w.l(libinit2.o)
    0x08000206   0x08000206   0x00000002   Code   RO          903    .ARM.Collect$$libinit$$00000033  c_w.l(libinit2.o)
    0x08000208   0x08000208   0x00000002   Code   RO          935    .ARM.Collect$$libshutdown$$00000000  c_w.l(libshutdown.o)
    0x0800020a   0x0800020a   0x00000000   Code   RO          944    .ARM.Collect$$libshutdown$$00000002  c_w.l(libshutdown2.o)
    0x0800020a   0x0800020a   0x00000000   Code   RO          946    .ARM.Collect$$libshutdown$$00000004  c_w.l(libshutdown2.o)
    0x0800020a   0x0800020a   0x00000000   Code   RO          949    .ARM.Collect$$libshutdown$$00000007  c_w.l(libshutdown2.o)
    0x0800020a   0x0800020a   0x00000000   Code   RO          952    .ARM.Collect$$libshutdown$$0000000A  c_w.l(libshutdown2.o)
    0x0800020a   0x0800020a   0x00000000   Code   RO          954    .ARM.Collect$$libshutdown$$0000000C  c_w.l(libshutdown2.o)
    0x0800020a   0x0800020a   0x00000000   Code   RO          957    .ARM.Collect$$libshutdown$$0000000F  c_w.l(libshutdown2.o)
    0x0800020a   0x0800020a   0x00000002   Code   RO          958    .ARM.Collect$$libshutdown$$00000010  c_w.l(libshutdown2.o)
    0x0800020c   0x0800020c   0x00000000   Code   RO          694    .ARM.Collect$$rtentry$$00000000  c_w.l(__rtentry.o)
    0x0800020c   0x0800020c   0x00000000   Code   RO          776    .ARM.Collect$$rtentry$$00000002  c_w.l(__rtentry2.o)
    0x0800020c   0x0800020c   0x00000006   Code   RO          788    .ARM.Collect$$rtentry$$00000004  c_w.l(__rtentry4.o)
    0x08000212   0x08000212   0x00000000   Code   RO          778    .ARM.Collect$$rtentry$$00000009  c_w.l(__rtentry2.o)
    0x08000212   0x08000212   0x00000004   Code   RO          779    .ARM.Collect$$rtentry$$0000000A  c_w.l(__rtentry2.o)
    0x08000216   0x08000216   0x00000000   Code   RO          781    .ARM.Collect$$rtentry$$0000000C  c_w.l(__rtentry2.o)
    0x08000216   0x08000216   0x00000008   Code   RO          782    .ARM.Collect$$rtentry$$0000000D  c_w.l(__rtentry2.o)
    0x0800021e   0x0800021e   0x00000002   Code   RO          906    .ARM.Collect$$rtexit$$00000000  c_w.l(rtexit.o)
    0x08000220   0x08000220   0x00000000   Code   RO          915    .ARM.Collect$$rtexit$$00000002  c_w.l(rtexit2.o)
    0x08000220   0x08000220   0x00000004   Code   RO          916    .ARM.Collect$$rtexit$$00000003  c_w.l(rtexit2.o)
    0x08000224   0x08000224   0x00000006   Code   RO          917    .ARM.Collect$$rtexit$$00000004  c_w.l(rtexit2.o)
    0x0800022a   0x0800022a   0x00000002   PAD
    0x0800022c   0x0800022c   0x00000354   Code   RO            1    .text               main.o
    0x08000580   0x08000580   0x0000001a   Code   RO          161    .text               stm32f10x_it.o
    0x0800059a   0x0800059a   0x00000002   PAD
    0x0800059c   0x0800059c   0x000001e0   Code   RO          202    .text               system_stm32f10x.o
    0x0800077c   0x0800077c   0x000005e4   Code   RO          245    .text               oled.o
    0x08000d60   0x08000d60   0x000002d4   Code   RO          263    .text               timer.o
    0x08001034   0x08001034   0x00000140   Code   RO          285    .text               dma.o
    0x08001174   0x08001174   0x00000348   Code   RO          329    .text               keypad.o
    0x080014bc   0x080014bc   0x000002e0   Code   RO          349    .text               stepper.o
    0x0800179c   0x0800179c   0x00000150   Code   RO          367    .text               arm.o
    0x080018ec   0x080018ec   0x000000d4   Code   RO          379    .text               delay.o
    0x080019c0   0x080019c0   0x000001b8   Code   RO          410    .text               usart.o
    0x08001b78   0x08001b78   0x00000040   Code   RO          447    .text               startup_stm32f10x_hd.o
    0x08001bb8   0x08001bb8   0x0000035c   Code   RO          451    .text               stm32f10x_gpio.o
    0x08001f14   0x08001f14   0x000003a4   Code   RO          463    .text               stm32f10x_rcc.o
    0x080022b8   0x080022b8   0x00000408   Code   RO          477    .text               stm32f10x_usart.o
    0x080026c0   0x080026c0   0x000000dc   Code   RO          489    .text               misc.o
    0x0800279c   0x0800279c   0x00000e1a   Code   RO          501    .text               stm32f10x_tim.o
    0x080035b6   0x080035b6   0x00000002   PAD
    0x080035b8   0x080035b8   0x00000254   Code   RO          513    .text               stm32f10x_dma.o
    0x0800380c   0x0800380c   0x00000002   Code   RO          539    .text               c_w.l(use_no_semi_2.o)
    0x0800380e   0x0800380e   0x00000002   PAD
    0x08003810   0x08003810   0x00000028   Code   RO          543    .text               c_w.l(noretval__2sprintf.o)
    0x08003838   0x08003838   0x0000004e   Code   RO          547    .text               c_w.l(_printf_pad.o)
    0x08003886   0x08003886   0x00000002   PAD
    0x08003888   0x08003888   0x00000078   Code   RO          549    .text               c_w.l(_printf_dec.o)
    0x08003900   0x08003900   0x0000010e   Code   RO          559    .text               c_w.l(__printf_wp.o)
    0x08003a0e   0x08003a0e   0x0000003e   Code   RO          574    .text               c_w.l(strlen.o)
    0x08003a4c   0x08003a4c   0x00000006   Code   RO          578    .text               c_w.l(heapauxi.o)
    0x08003a52   0x08003a52   0x00000002   Code   RO          692    .text               c_w.l(use_no_semi.o)
    0x08003a54   0x08003a54   0x00000016   Code   RO          695    .text               c_w.l(_rserrno.o)
    0x08003a6a   0x08003a6a   0x000000b2   Code   RO          697    .text               c_w.l(_printf_intcommon.o)
    0x08003b1c   0x08003b1c   0x0000041e   Code   RO          699    .text               c_w.l(_printf_fp_dec.o)
    0x08003f3a   0x08003f3a   0x00000002   PAD
    0x08003f3c   0x08003f3c   0x00000030   Code   RO          701    .text               c_w.l(_printf_char_common.o)
    0x08003f6c   0x08003f6c   0x0000000a   Code   RO          703    .text               c_w.l(_sputc.o)
    0x08003f76   0x08003f76   0x00000002   PAD
    0x08003f78   0x08003f78   0x00000008   Code   RO          793    .text               c_w.l(rt_locale_intlibspace.o)
    0x08003f80   0x08003f80   0x00000008   Code   RO          798    .text               c_w.l(rt_errno_addr_intlibspace.o)
    0x08003f88   0x08003f88   0x0000008a   Code   RO          800    .text               c_w.l(lludiv10.o)
    0x08004012   0x08004012   0x00000002   PAD
    0x08004014   0x08004014   0x00000080   Code   RO          802    .text               c_w.l(_printf_fp_infnan.o)
    0x08004094   0x08004094   0x000000e4   Code   RO          806    .text               c_w.l(bigflt0.o)
    0x08004178   0x08004178   0x00000008   Code   RO          844    .text               c_w.l(libspace.o)
    0x08004180   0x08004180   0x0000004a   Code   RO          847    .text               c_w.l(sys_stackheap_outer.o)
    0x080041ca   0x080041ca   0x00000012   Code   RO          849    .text               c_w.l(exit.o)
    0x080041dc   0x080041dc   0x00000080   Code   RO          851    .text               c_w.l(strcmpv7m.o)
    0x0800425c   0x0800425c   0x0000003e   Code   RO          809    CL$$btod_d2e        c_w.l(btod.o)
    0x0800429a   0x0800429a   0x00000046   Code   RO          811    CL$$btod_d2e_denorm_low  c_w.l(btod.o)
    0x080042e0   0x080042e0   0x00000060   Code   RO          810    CL$$btod_d2e_norm_op1  c_w.l(btod.o)
    0x08004340   0x08004340   0x00000338   Code   RO          819    CL$$btod_div_common  c_w.l(btod.o)
    0x08004678   0x08004678   0x000000dc   Code   RO          816    CL$$btod_e2e        c_w.l(btod.o)
    0x08004754   0x08004754   0x0000002a   Code   RO          813    CL$$btod_ediv       c_w.l(btod.o)
    0x0800477e   0x0800477e   0x0000002a   Code   RO          812    CL$$btod_emul       c_w.l(btod.o)
    0x080047a8   0x080047a8   0x00000244   Code   RO          818    CL$$btod_mult_common  c_w.l(btod.o)
    0x080049ec   0x080049ec   0x00000028   Code   RO          842    i.__ARM_fpclassify  m_ws.l(fpclassify.o)
    0x08004a14   0x08004a14   0x00000026   Code   RO          753    i.__ARM_fpclassifyf  m_ws.l(fpclassifyf.o)
    0x08004a3a   0x08004a3a   0x000000aa   Code   RO          769    i.__kernel_poly     m_ws.l(poly.o)
    0x08004ae4   0x08004ae4   0x00000006   Code   RO          740    i.__mathlib_dbl_infnan  m_ws.l(dunder.o)
    0x08004aea   0x08004aea   0x00000004   Code   RO          741    i.__mathlib_dbl_infnan2  m_ws.l(dunder.o)
    0x08004aee   0x08004aee   0x0000000c   Code   RO          742    i.__mathlib_dbl_invalid  m_ws.l(dunder.o)
    0x08004afa   0x08004afa   0x00000002   PAD
    0x08004afc   0x08004afc   0x00000010   Code   RO          745    i.__mathlib_dbl_underflow  m_ws.l(dunder.o)
    0x08004b0c   0x08004b0c   0x00000006   Code   RO          756    i.__mathlib_flt_infnan  m_ws.l(funder.o)
    0x08004b12   0x08004b12   0x00000004   Code   RO          757    i.__mathlib_flt_infnan2  m_ws.l(funder.o)
    0x08004b16   0x08004b16   0x00000008   Code   RO          758    i.__mathlib_flt_invalid  m_ws.l(funder.o)
    0x08004b1e   0x08004b1e   0x0000000a   Code   RO          761    i.__mathlib_flt_underflow  m_ws.l(funder.o)
    0x08004b28   0x08004b28   0x00000168   Code   RO          772    i.__mathlib_rredf2  m_ws.l(rredf.o)
    0x08004c90   0x08004c90   0x0000000e   Code   RO          561    i._is_digit         c_w.l(__printf_wp.o)
    0x08004c9e   0x08004c9e   0x00000002   PAD
    0x08004ca0   0x08004ca0   0x0000027c   Code   RO          627    i.acos              m_ws.l(acos.o)
    0x08004f1c   0x08004f1c   0x0000011c   Code   RO          637    i.acosf             m_ws.l(acosf.o)
    0x08005038   0x08005038   0x00000124   Code   RO          645    i.asinf             m_ws.l(asinf.o)
    0x0800515c   0x0800515c   0x00000220   Code   RO          730    i.atan              m_ws.l(atan.o)
    0x0800537c   0x0800537c   0x00000180   Code   RO          653    i.atan2             m_ws.l(atan2.o)
    0x080054fc   0x080054fc   0x0000025c   Code   RO          661    i.atan2f            m_ws.l(atan2f.o)
    0x08005758   0x08005758   0x00000188   Code   RO          669    i.sinf              m_ws.l(sinf.o)
    0x080058e0   0x080058e0   0x0000004c   Code   RO          677    i.sqrt              m_ws.l(sqrt.o)
    0x0800592c   0x0800592c   0x0000002c   Code   RO          685    i.sqrtf             m_ws.l(sqrtf.o)
    0x08005958   0x08005958   0x0000002c   Code   RO          832    locale$$code        c_w.l(lc_numeric_c.o)
    0x08005984   0x08005984   0x00000062   Code   RO          582    x$fpl$d2f           fz_ws.l(d2f.o)
    0x080059e6   0x080059e6   0x00000002   PAD
    0x080059e8   0x080059e8   0x00000150   Code   RO          584    x$fpl$dadd          fz_ws.l(daddsub_clz.o)
    0x08005b38   0x08005b38   0x00000010   Code   RO          834    x$fpl$dcheck1       fz_ws.l(dcheck1.o)
    0x08005b48   0x08005b48   0x000002b0   Code   RO          591    x$fpl$ddiv          fz_ws.l(ddiv.o)
    0x08005df8   0x08005df8   0x0000005e   Code   RO          594    x$fpl$dfix          fz_ws.l(dfix.o)
    0x08005e56   0x08005e56   0x00000002   PAD
    0x08005e58   0x08005e58   0x00000154   Code   RO          598    x$fpl$dmul          fz_ws.l(dmul.o)
    0x08005fac   0x08005fac   0x0000009c   Code   RO          710    x$fpl$dnaninf       fz_ws.l(dnaninf.o)
    0x08006048   0x08006048   0x0000000c   Code   RO          712    x$fpl$dretinf       fz_ws.l(dretinf.o)
    0x08006054   0x08006054   0x00000016   Code   RO          585    x$fpl$drsb          fz_ws.l(daddsub_clz.o)
    0x0800606a   0x0800606a   0x00000002   PAD
    0x0800606c   0x0800606c   0x000001cc   Code   RO          714    x$fpl$dsqrt         fz_ws.l(dsqrt_noumaal.o)
    0x08006238   0x08006238   0x000001d4   Code   RO          586    x$fpl$dsub          fz_ws.l(daddsub_clz.o)
    0x0800640c   0x0800640c   0x00000056   Code   RO          600    x$fpl$f2d           fz_ws.l(f2d.o)
    0x08006462   0x08006462   0x00000002   PAD
    0x08006464   0x08006464   0x000000c4   Code   RO          602    x$fpl$fadd          fz_ws.l(faddsub_clz.o)
    0x08006528   0x08006528   0x0000000c   Code   RO          838    x$fpl$fcheck1       fz_ws.l(fcheck1.o)
    0x08006534   0x08006534   0x00000184   Code   RO          609    x$fpl$fdiv          fz_ws.l(fdiv.o)
    0x080066b8   0x080066b8   0x00000036   Code   RO          612    x$fpl$ffix          fz_ws.l(ffix.o)
    0x080066ee   0x080066ee   0x00000002   PAD
    0x080066f0   0x080066f0   0x00000030   Code   RO          617    x$fpl$fflt          fz_ws.l(fflt_clz.o)
    0x08006720   0x08006720   0x00000026   Code   RO          616    x$fpl$ffltu         fz_ws.l(fflt_clz.o)
    0x08006746   0x08006746   0x00000002   PAD
    0x08006748   0x08006748   0x00000102   Code   RO          622    x$fpl$fmul          fz_ws.l(fmul.o)
    0x0800684a   0x0800684a   0x0000008c   Code   RO          716    x$fpl$fnaninf       fz_ws.l(fnaninf.o)
    0x080068d6   0x080068d6   0x0000000a   Code   RO          718    x$fpl$fretinf       fz_ws.l(fretinf.o)
    0x080068e0   0x080068e0   0x00000060   Code   RO          720    x$fpl$frnd          fz_ws.l(frnd.o)
    0x08006940   0x08006940   0x00000014   Code   RO          603    x$fpl$frsb          fz_ws.l(faddsub_clz.o)
    0x08006954   0x08006954   0x00000110   Code   RO          722    x$fpl$fsqrt         fz_ws.l(fsqrt.o)
    0x08006a64   0x08006a64   0x000000ea   Code   RO          604    x$fpl$fsub          fz_ws.l(faddsub_clz.o)
    0x08006b4e   0x08006b4e   0x00000004   Code   RO          624    x$fpl$printf1       fz_ws.l(printf1.o)
    0x08006b52   0x08006b52   0x00000064   Code   RO          904    x$fpl$retnan        fz_ws.l(retnan.o)
    0x08006bb6   0x08006bb6   0x0000005c   Code   RO          724    x$fpl$scalbn        fz_ws.l(scalbn.o)
    0x08006c12   0x08006c12   0x0000004c   Code   RO          726    x$fpl$scalbnf       fz_ws.l(scalbnf.o)
    0x08006c5e   0x08006c5e   0x00000030   Code   RO          912    x$fpl$trapveneer    fz_ws.l(trapv.o)
    0x08006c8e   0x08006c8e   0x00000000   Code   RO          728    x$fpl$usenofp       fz_ws.l(usenofp.o)
    0x08006c8e   0x08006c8e   0x00000818   Data   RO          247    .constdata          oled.o
    0x080074a6   0x080074a6   0x00000002   PAD
    0x080074a8   0x080074a8   0x00000050   Data   RO          628    .constdata          m_ws.l(acos.o)
    0x080074f8   0x080074f8   0x00000098   Data   RO          731    .constdata          m_ws.l(atan.o)
    0x08007590   0x08007590   0x00000008   Data   RO          771    .constdata          m_ws.l(qnan.o)
    0x08007598   0x08007598   0x00000020   Data   RO          773    .constdata          m_ws.l(rredf.o)
    0x080075b8   0x080075b8   0x00000094   Data   RO          807    .constdata          c_w.l(bigflt0.o)
    0x0800764c   0x0800764c   0x00000020   Data   RO          983    Region$$Table       anon$$obj.o
    0x0800766c   0x0800766c   0x0000001c   Data   RO          831    locale$$data        c_w.l(lc_numeric_c.o)


    Execution Region RW_IRAM1 (Exec base: 0x20000000, Load base: 0x08007688, Size: 0x00000cf8, Max: 0x0000c000, ABSOLUTE, COMPRESSED[0x000000f8])

    Exec Addr    Load Addr    Size         Type   Attr      Idx    E Section Name        Object

    0x20000000   COMPRESSED   0x00000014   Data   RW            3    .data               main.o
    0x20000014   COMPRESSED   0x00000014   Data   RW          203    .data               system_stm32f10x.o
    0x20000028   COMPRESSED   0x000000f4   Data   RW          248    .data               oled.o
    0x2000011c   COMPRESSED   0x00000024   Data   RW          264    .data               timer.o
    0x20000140   COMPRESSED   0x00000008   Data   RW          331    .data               keypad.o
    0x20000148   COMPRESSED   0x0000001c   Data   RW          350    .data               stepper.o
    0x20000164   COMPRESSED   0x00000004   Data   RW          380    .data               delay.o
    0x20000168   COMPRESSED   0x00000006   Data   RW          412    .data               usart.o
    0x2000016e   COMPRESSED   0x00000014   Data   RW          464    .data               stm32f10x_rcc.o
    0x20000182   COMPRESSED   0x00000002   PAD
    0x20000184        -       0x00000400   Zero   RW          246    .bss                oled.o
    0x20000584        -       0x0000000b   Zero   RW          286    .bss                dma.o
    0x2000058f   COMPRESSED   0x00000001   PAD
    0x20000590        -       0x00000040   Zero   RW          330    .bss                keypad.o
    0x200005d0        -       0x000000c8   Zero   RW          411    .bss                usart.o
    0x20000698        -       0x00000060   Zero   RW          845    .bss                c_w.l(libspace.o)
    0x200006f8        -       0x00000200   Zero   RW          445    HEAP                startup_stm32f10x_hd.o
    0x200008f8        -       0x00000400   Zero   RW          444    STACK               startup_stm32f10x_hd.o


==============================================================================

Image component sizes


      Code (inc. data)   RO Data    RW Data    ZI Data      Debug   Object Name

       336         36          0          0          0       1064   arm.o
       212         18          0          4          0       1011   delay.o
       320          4          0          0         11       2212   dma.o
       840        102          0          8         64       3380   keypad.o
       852        150          0         20          0     269050   main.o
       220         22          0          0          0       1769   misc.o
      1508         34       2072        244       1024       6766   oled.o
        64         26        304          0       1536        800   startup_stm32f10x_hd.o
       736         84          0         28          0       2052   stepper.o
       596          8          0          0          0       4334   stm32f10x_dma.o
       860         38          0          0          0       5701   stm32f10x_gpio.o
        26          0          0          0          0       1166   stm32f10x_it.o
       932         36          0         20          0       8864   stm32f10x_rcc.o
      3610         88          0          0          0      22808   stm32f10x_tim.o
      1032         22          0          0          0       8428   stm32f10x_usart.o
         0          0          0          0          0         32   sys.o
       480         38          0         20          0       1695   system_stm32f10x.o
       724         30          0         36          0       2825   timer.o
       440         24          0          6        200       3627   usart.o

    ----------------------------------------------------------------------
     13792        760       2410        388       2836     347584   Object Totals
         0          0         32          0          0          0   (incl. Generated)
         4          0          2          2          1          0   (incl. Padding)

    ----------------------------------------------------------------------

      Code (inc. data)   RO Data    RW Data    ZI Data      Debug   Library Member Name

        90          0          0          0          0          0   __dczerorl2.o
         8          0          0          0          0         68   __main.o
       284          0          0          0          0        156   __printf_wp.o
         0          0          0          0          0          0   __rtentry.o
        12          0          0          0          0          0   __rtentry2.o
         6          0          0          0          0          0   __rtentry4.o
        52          8          0          0          0          0   __scatter.o
        28          0          0          0          0          0   __scatter_zi.o
        48          6          0          0          0         96   _printf_char_common.o
         6          0          0          0          0          0   _printf_d.o
       120         16          0          0          0         92   _printf_dec.o
         6          0          0          0          0          0   _printf_f.o
      1054          0          0          0          0        216   _printf_fp_dec.o
       128         16          0          0          0         84   _printf_fp_infnan.o
       178          0          0          0          0         88   _printf_intcommon.o
        78          0          0          0          0        108   _printf_pad.o
         0          0          0          0          0          0   _printf_percent.o
         4          0          0          0          0          0   _printf_percent_end.o
        22          0          0          0          0        100   _rserrno.o
        10          0          0          0          0         68   _sputc.o
       228          4        148          0          0         96   bigflt0.o
      1936        128          0          0          0        672   btod.o
        18          0          0          0          0         80   exit.o
         6          0          0          0          0        152   heapauxi.o
        44         10         28          0          0         76   lc_numeric_c.o
         2          0          0          0          0          0   libinit.o
        18          0          0          0          0          0   libinit2.o
         2          0          0          0          0          0   libshutdown.o
         2          0          0          0          0          0   libshutdown2.o
         8          4          0          0         96         68   libspace.o
       138          0          0          0          0         80   lludiv10.o
        40          6          0          0          0         84   noretval__2sprintf.o
         8          4          0          0          0         68   rt_errno_addr_intlibspace.o
         8          4          0          0          0         68   rt_locale_intlibspace.o
         2          0          0          0          0          0   rtexit.o
        10          0          0          0          0          0   rtexit2.o
       128          0          0          0          0         68   strcmpv7m.o
        62          0          0          0          0         76   strlen.o
        74          0          0          0          0         80   sys_stackheap_outer.o
         2          0          0          0          0         68   use_no_semi.o
         2          0          0          0          0         68   use_no_semi_2.o
        98          4          0          0          0         92   d2f.o
       826         16          0          0          0        348   daddsub_clz.o
        16          4          0          0          0         68   dcheck1.o
       688        140          0          0          0        208   ddiv.o
        94          4          0          0          0         92   dfix.o
       340         12          0          0          0        104   dmul.o
       156          4          0          0          0         92   dnaninf.o
        12          0          0          0          0         68   dretinf.o
       460         56          0          0          0        120   dsqrt_noumaal.o
        86          4          0          0          0         84   f2d.o
       450          8          0          0          0        236   faddsub_clz.o
        12          4          0          0          0         68   fcheck1.o
       388         76          0          0          0         96   fdiv.o
        54          4          0          0          0         84   ffix.o
        86          0          0          0          0        136   fflt_clz.o
       258          4          0          0          0         84   fmul.o
       140          4          0          0          0         84   fnaninf.o
        10          0          0          0          0         68   fretinf.o
        96          4          0          0          0         76   frnd.o
       272        100          0          0          0         88   fsqrt.o
         4          0          0          0          0         68   printf1.o
       100          0          0          0          0         68   retnan.o
        92          0          0          0          0         68   scalbn.o
        76          0          0          0          0         68   scalbnf.o
        48          0          0          0          0         68   trapv.o
         0          0          0          0          0          0   usenofp.o
       636         62         80          0          0        188   acos.o
       284         42          0          0          0        120   acosf.o
       292         38          0          0          0        120   asinf.o
       544         70        152          0          0        124   atan.o
       384         38          0          0          0        144   atan2.o
       604         76          0          0          0        116   atan2f.o
        38          6          0          0          0        272   dunder.o
        40          0          0          0          0         68   fpclassify.o
        38          0          0          0          0         68   fpclassifyf.o
        28          0          0          0          0        272   funder.o
       170          0          0          0          0         96   poly.o
         0          0          8          0          0          0   qnan.o
       360         16         32          0          0         88   rredf.o
       392         54          0          0          0        124   sinf.o
        76          0          0          0          0         84   sqrt.o
        44          0          0          0          0         80   sqrtf.o

    ----------------------------------------------------------------------
     13694       1056        448          0         96       7480   Library Totals
        30          0          0          0          0          0   (incl. Padding)

    ----------------------------------------------------------------------

      Code (inc. data)   RO Data    RW Data    ZI Data      Debug   Library Name

      4872        206        176          0         96       2880   c_w.l
      4862        448          0          0          0       2636   fz_ws.l
      3930        402        272          0          0       1964   m_ws.l

    ----------------------------------------------------------------------
     13694       1056        448          0         96       7480   Library Totals

    ----------------------------------------------------------------------

==============================================================================


      Code (inc. data)   RO Data    RW Data    ZI Data      Debug   

     27486       1816       2858        388       2932     349496   Grand Totals
     27486       1816       2858        248       2932     349496   ELF Image Totals (compressed)
     27486       1816       2858        248          0          0   ROM Totals

==============================================================================

    Total RO  Size (Code + RO Data)                30344 (  29.63kB)
    Total RW  Size (RW Data + ZI Data)              3320 (   3.24kB)
    Total ROM Size (Code + RO Data + RW Data)      30592 (  29.88kB)

==============================================================================

